// Jest Snapshot v1, https://goo.gl/fbAQLP

exports[`should be able to parse a page of be 1`] = `
Array [
  Object {
    "emails": Array [
      "e.beach@northeastern.edu",
    ],
    "firstName": "Erin",
    "id": "ETxq38PZh0gxBUiiDbE%2FPw%3D%3D",
    "lastName": "Beach",
    "name": "Erin Beach",
    "phone": "6173733397",
    "primaryDepartment": "Library-Access Services",
    "primaryRole": "IDEAS-Reserves Coordinator",
  },
  Object {
    "emails": Array [
      "t.beadle@northeastern.edu",
    ],
    "firstName": "Terry",
    "id": "YFFoCyZ71PQmOmzH0UCj3w%3D%3D",
    "lastName": "Beadle",
    "name": "Terry Beadle",
    "phone": "6173734894",
    "primaryDepartment": "ITS-Academic Technology Services",
    "primaryRole": "Sr Academic Instructional Tech",
  },
  Object {
    "emails": Array [
      "jbean@northeastern.edu",
    ],
    "firstName": "Jim",
    "id": "vMn1ibHLq%2FIIBg5dSdYo3Q%3D%3D",
    "lastName": "Bean",
    "name": "Jim Bean",
    "primaryDepartment": "Office Of The Provost",
    "primaryRole": "Provost & Sr VP Academic Affrs",
  },
  Object {
    "emails": Array [
      "n.beane@northeastern.edu",
    ],
    "firstName": "Noah",
    "id": "j1ko%2FzJ0ymdys%2BxL3llGIg%3D%3D",
    "lastName": "Beane",
    "name": "Noah Beane",
    "primaryDepartment": "Office of the Chancellor",
    "primaryRole": "NUin International Coordinator",
  },
  Object {
    "emails": Array [
      "j.bears@northeastern.edu",
    ],
    "firstName": "Jeffrey",
    "id": "yBi%2BtidYpDYYqWRcDxTw5Q%3D%3D",
    "lastName": "Bears",
    "name": "Jeffrey Bears",
    "primaryDepartment": "College of Professional Studies",
    "primaryRole": "Lecturer",
  },
  Object {
    "emails": Array [
      "ca.beasley@northeastern.edu",
    ],
    "firstName": "Cathy",
    "id": "NDiNrTXcOwA8XdHwS3GPdw%3D%3D",
    "lastName": "Beasley",
    "name": "Cathy Beasley",
    "phone": "6173736053",
    "primaryDepartment": "Facilities Administration-10",
    "primaryRole": "Procurement Assistant",
  },
  Object {
    "emails": Array [
      "c.beasley@northeastern.edu",
    ],
    "firstName": "Christopher",
    "id": "SJ6l3F4slKo1C3NUAiuiFw%3D%3D",
    "lastName": "Beasley",
    "name": "Christopher Beasley",
    "phone": "6173735675",
    "primaryDepartment": "Mathematics",
    "primaryRole": "Associate Professor",
  },
  Object {
    "emails": Array [
      "e.beato@northeastern.edu",
    ],
    "firstName": "Evelyn",
    "id": "5Sz%2B8VfNgbX6%2BxcptdjYxA%3D%3D",
    "lastName": "Beato",
    "name": "Evelyn Beato",
    "phone": "6173732240",
    "primaryDepartment": "Office of the SVP Finance&Treasurer",
    "primaryRole": "Executive Assistant",
  },
  Object {
    "emails": Array [
      "k.beauchamp@northeastern.edu",
    ],
    "firstName": "Kimberly",
    "id": "ZcbA%2FIwB7dpMIys0CKPafw%3D%3D",
    "lastName": "Beauchamp",
    "name": "Kimberly Beauchamp",
    "primaryDepartment": "CPS-Undergraduate Programs",
    "primaryRole": "Writing Specialist",
  },
  Object {
    "emails": Array [
      "n.beauchamp@northeastern.edu",
    ],
    "firstName": "Nick",
    "id": "6MIM1yfn%2FdZAAcScDVPHLQ%3D%3D",
    "lastName": "Beauchamp",
    "name": "Nick Beauchamp",
    "phone": "6173732796",
    "primaryDepartment": "Political Science",
    "primaryRole": "Assistant Professor",
  },
  Object {
    "emails": Array [
      "m.beaudet@northeastern.edu",
    ],
    "firstName": "Mike",
    "id": "8LMcNfUiJXEw1yQOiCeivg%3D%3D",
    "lastName": "Beaudet",
    "name": "Mike Beaudet",
    "phone": "6173734050",
    "primaryDepartment": "Journalism",
    "primaryRole": "Professor of the Practice",
  },
  Object {
    "firstName": "Ariane",
    "id": "P1QwbRFwGWJU07oK3prlvQ%3D%3D",
    "lastName": "Beauregard",
    "name": "Ariane Beauregard",
    "primaryDepartment": "Art + Design",
  },
  Object {
    "emails": Array [
      "j.beauregard@northeastern.edu",
    ],
    "firstName": "James",
    "id": "BSbIFYuXwXUbaF7mMbN%2FNg%3D%3D",
    "lastName": "Beauregard",
    "name": "James Beauregard",
    "phone": "6173733276",
    "primaryDepartment": "Applied Psychology",
  },
  Object {
    "emails": Array [
      "l.bechard@northeastern.edu",
    ],
    "firstName": "Lori",
    "id": "ENCM8wPKRLT9%2FLiPZANBSA%3D%3D",
    "lastName": "Bechard",
    "name": "Lori Bechard",
    "primaryDepartment": "College of Professional Studies",
    "primaryRole": "Lecturer",
  },
  Object {
    "emails": Array [
      "j.beck@northeastern.edu",
    ],
    "firstName": "Jonathan",
    "id": "6trNsNTJFtMg9VVozJuYTw%3D%3D",
    "lastName": "Beck",
    "name": "Jonathan Beck",
    "primaryDepartment": "DMSB Office of the Dean",
    "primaryRole": "Postdoctoral Research Assoc",
  },
  Object {
    "emails": Array [
      "a.becker@northeastern.edu",
    ],
    "firstName": "Arnulf",
    "id": "LA1lrMf8I8e5%2F97XwgYF%2FQ%3D%3D",
    "lastName": "Becker",
    "name": "Arnulf Becker",
    "primaryDepartment": "School Of Law-Academic",
  },
  Object {
    "emails": Array [
      "j.becker@northeastern.edu",
    ],
    "firstName": "Jordan",
    "id": "%2BYUJ36LFEmLN%2B4Gt7%2FDLJQ%3D%3D",
    "lastName": "Becker",
    "name": "Jordan Becker",
    "primaryDepartment": "Enrollment Management",
    "primaryRole": "Asst Dir Stdt Recruit&Enrllmnt",
  },
  Object {
    "emails": Array [
      "k.bedoni@northeastern.edu",
    ],
    "firstName": "Kellie",
    "id": "M0N0%2FHiSmfHckvwqSOyOlw%3D%3D",
    "lastName": "Bedoni",
    "name": "Kellie Bedoni",
    "phone": "6173733908",
    "primaryDepartment": "Physical Therapy",
  },
  Object {
    "emails": Array [
      "l.beerits@northeastern.edu",
    ],
    "firstName": "Laura",
    "id": "N70uzWcKcwvmQWiI%2BXsvIw%3D%3D",
    "lastName": "Beerits",
    "name": "Laura Beerits",
    "primaryDepartment": "English",
    "primaryRole": "Assistant Teaching Professor",
  },
  Object {
    "emails": Array [
      "cy.beers@northeastern.edu",
    ],
    "firstName": "Cindy",
    "id": "DMSpehEm75ME%2BaPVICf9CA%3D%3D",
    "lastName": "Beers",
    "name": "Cindy Beers",
    "primaryDepartment": "College of Professional Studies",
    "primaryRole": "Lecturer",
  },
  Object {
    "emails": Array [
      "g.begley@northeastern.edu",
    ],
    "firstName": "Gail",
    "id": "pviWca0OW%2B8sPgXYFsrdfQ%3D%3D",
    "lastName": "Begley",
    "name": "Gail Begley",
    "phone": "6173733491",
    "primaryDepartment": "Biology",
    "primaryRole": "Teaching Professor",
  },
  Object {
    "emails": Array [
      "r.behboudi@northeastern.edu",
    ],
    "firstName": "Rasoul",
    "id": "l5Eo9RM%2Bs9uElqeBv0NOEw%3D%3D",
    "lastName": "Behboudi",
    "name": "Rasoul Behboudi",
    "primaryDepartment": "College of Professional Studies",
    "primaryRole": "Lecturer",
  },
  Object {
    "emails": Array [
      "m.behroozi@northeastern.edu",
    ],
    "firstName": "Mehdi",
    "id": "Isr23ctG5OR5CNpIUYzCPg%3D%3D",
    "lastName": "Behroozi",
    "name": "Mehdi Behroozi",
    "phone": "6173732740",
    "primaryDepartment": "Mechanical + Industrial Engineering",
    "primaryRole": "Assistant Professor",
  },
  Object {
    "emails": Array [
      "r.beighley@northeastern.edu",
    ],
    "firstName": "Edward",
    "id": "dRfspKjSE5YNNjzc9sSdwQ%3D%3D",
    "lastName": "Beighley",
    "name": "Edward Beighley",
    "phone": "6173733368",
    "primaryDepartment": "Civil and Environmental Engineering",
    "primaryRole": "Associate Professor",
  },
  Object {
    "emails": Array [
      "d.beirne@northeastern.edu",
    ],
    "firstName": "Deanna",
    "id": "DHJuU8Z2%2BIUW7TG994C6NQ%3D%3D",
    "lastName": "Beirne",
    "name": "Deanna Beirne",
    "phone": "6173733473",
    "primaryDepartment": "CENSSIS",
    "primaryRole": "Dir - Res Comp & Tech Trans",
  },
  Object {
    "emails": Array [
      "l.bekerian@northeastern.edu",
    ],
    "firstName": "Linda",
    "id": "6ES9lFmnLmYa9jX1rWRdRw%3D%3D",
    "lastName": "Bekerian",
    "name": "Linda Bekerian",
    "phone": "6173732292",
    "primaryDepartment": "University Registrar",
    "primaryRole": "Assoc Dir-Academic Ceremonies",
  },
  Object {
    "emails": Array [
      "n.bekerian@northeastern.edu",
    ],
    "firstName": "Nicole",
    "id": "zK2IyjD0QGk2EB4JPs%2Bt0Q%3D%3D",
    "lastName": "Bekerian",
    "name": "Nicole Bekerian",
    "phone": "6173736841",
    "primaryDepartment": "Khoury-Marketing",
    "primaryRole": "Asst Dir - Mktg & Event Mgmt",
  },
  Object {
    "emails": Array [
      "r.bekerian@northeastern.edu",
    ],
    "firstName": "Richard",
    "id": "afVBa0gRBOCyPvV98qm%2FNg%3D%3D",
    "lastName": "Bekerian",
    "name": "Richard Bekerian",
    "phone": "6173738811",
    "primaryDepartment": "Facilities Administration-41",
    "primaryRole": "Asst Dir Trans Wrhs & Flt Mgmt",
  },
  Object {
    "emails": Array [
      "d.belanger@northeastern.edu",
    ],
    "firstName": "Diana",
    "id": "771zxwPFc50Uv6YOyWsvcw%3D%3D",
    "lastName": "Belanger",
    "name": "Diana Belanger",
    "primaryDepartment": "College of Professional Studies",
    "primaryRole": "Lecturer",
  },
  Object {
    "emails": Array [
      "b.belcher@northeastern.edu",
    ],
    "firstName": "Bianca",
    "id": "gGBUa%2FC3G513eoGLr5Cv7A%3D%3D",
    "lastName": "Belcher",
    "name": "Bianca Belcher",
    "phone": "6173733195",
    "primaryDepartment": "Physician Assistant Program",
    "primaryRole": "Assistant Clinical Professor",
  },
  Object {
    "emails": Array [
      "r.belden@northeastern.edu",
    ],
    "firstName": "Robert",
    "id": "u84auxEoK7DkhZvOz14Thg%3D%3D",
    "lastName": "Belden",
    "name": "Robert Belden",
    "phone": "6173738621",
    "primaryDepartment": "Women's Volleyball",
    "primaryRole": "Asst Coach-Women's Volleyball",
  },
  Object {
    "emails": Array [
      "s.belenski@northeastern.edu",
    ],
    "firstName": "Shae",
    "id": "WvmBUo2Pegc37a9RvIP9cw%3D%3D",
    "lastName": "Belenski",
    "name": "Shae Belenski",
    "primaryDepartment": "Office of the Chancellor",
    "primaryRole": "NUin International Coordinator",
  },
  Object {
    "emails": Array [
      "l.beletsky@northeastern.edu",
    ],
    "firstName": "Leo",
    "id": "TmLa92baXNs7P3q%2B93wT6A%3D%3D",
    "lastName": "Beletsky",
    "name": "Leo Beletsky",
    "phone": "6173735540",
    "primaryDepartment": "School Of Law-Academic",
    "primaryRole": "Professor",
  },
  Object {
    "emails": Array [
      "g.belfiore@northeastern.edu",
    ],
    "firstName": "Grace",
    "id": "nKc%2FcrQTXr5FW5gwzvLhAw%3D%3D",
    "lastName": "Belfiore",
    "name": "Grace Belfiore",
    "primaryDepartment": "College of Professional Studies",
    "primaryRole": "Director - NExT",
  },
  Object {
    "emails": Array [
      "m.belizaire@northeastern.edu",
    ],
    "firstName": "Marjorie",
    "id": "0ib%2FhoztLiSfvudI0UfjcA%3D%3D",
    "lastName": "Belizaire",
    "name": "Marjorie Belizaire",
    "phone": "7049548322",
    "primaryDepartment": "Charlotte Regional Campus",
    "primaryRole": "Executive Assistant",
  },
  Object {
    "emails": Array [
      "l.belk@northeastern.edu",
    ],
    "firstName": "Latwoia",
    "id": "qtI5rFkKsVHnIhoJCoWSgg%3D%3D",
    "lastName": "Belk",
    "name": "Latwoia Belk",
    "primaryDepartment": "College of Professional Studies",
    "primaryRole": "Academic & Career Advisor",
  },
  Object {
    "emails": Array [
      "ch.bell@northeastern.edu",
    ],
    "firstName": "Chanda",
    "id": "rjajZnMzoTLyORuzjBpvzw%3D%3D",
    "lastName": "Bell",
    "name": "Chanda Bell",
    "phone": "9802248467",
    "primaryDepartment": "School Of Nursing",
    "primaryRole": "Part-time Lecturer",
  },
  Object {
    "emails": Array [
      "ja.bell@northeastern.edu",
    ],
    "firstName": "James",
    "id": "iG9qchbEB6j6r4hWKN3p0A%3D%3D",
    "lastName": "Bell",
    "name": "James Bell",
    "phone": "6173737683",
    "primaryDepartment": "ITS Customer Services",
    "primaryRole": "Service Desk Analyst",
  },
  Object {
    "firstName": "Kevin",
    "id": "%2FvIVY7jZneTRlHsMTrevIw%3D%3D",
    "lastName": "Bell",
    "name": "Kevin Bell",
    "primaryDepartment": "College of Professional Studies",
  },
  Object {
    "emails": Array [
      "c.bellini@northeastern.edu",
    ],
    "firstName": "Chiara",
    "id": "ZWtxWw78YAGcFf36BVwQAQ%3D%3D",
    "lastName": "Bellini",
    "name": "Chiara Bellini",
    "phone": "6173737805",
    "primaryDepartment": "Bioengineering",
    "primaryRole": "Assistant Professor",
  },
  Object {
    "emails": Array [
      "j.belmonte@northeastern.edu",
    ],
    "firstName": "Jan",
    "id": "3JbDnIPRgqWTpBdVfw20kQ%3D%3D",
    "lastName": "Belmonte",
    "name": "Jan Belmonte",
    "phone": "6173735204",
    "primaryDepartment": "Khoury",
    "primaryRole": "Executive Assistant",
  },
  Object {
    "emails": Array [
      "l.beltz@northeastern.edu",
    ],
    "firstName": "Lynda",
    "id": "pLQRubUr8YZO2mxhgRMv9g%3D%3D",
    "lastName": "Beltz",
    "name": "Lynda Beltz",
    "primaryDepartment": "CPS-Graduate Programs",
    "primaryRole": "Assistant Teaching Professor",
  },
  Object {
    "emails": Array [
      "k.bemis@northeastern.edu",
    ],
    "firstName": "Kylie",
    "id": "QorqLcZ36SKSjrR6VgWACA%3D%3D",
    "lastName": "Bemis",
    "name": "Kylie Bemis",
    "phone": "6173732462",
    "primaryDepartment": "Khoury",
    "primaryRole": "Future Faculty Fellow",
  },
  Object {
    "emails": Array [
      "l.ben-ami@northeastern.edu",
    ],
    "firstName": "Leah",
    "id": "ODnfnBF4EEze1Q6oLoluoA%3D%3D",
    "lastName": "Ben-Ami",
    "name": "Leah Ben-Ami",
    "primaryDepartment": "College of Professional Studies",
    "primaryRole": "Lecturer",
  },
  Object {
    "emails": Array [
      "a.benabbas@northeastern.edu",
    ],
    "firstName": "Abdelkrim",
    "id": "bqFGHuQWbGWRi2oNCK6mbA%3D%3D",
    "lastName": "Benabbas",
    "name": "Abdelkrim Benabbas",
    "phone": "6173735271",
    "primaryDepartment": "Physics",
    "primaryRole": "Sr Research Scientist",
  },
  Object {
    "emails": Array [
      "a.benali@northeastern.edu",
    ],
    "firstName": "Amine",
    "id": "6N87asHdCj7LlIkbqRDryA%3D%3D",
    "lastName": "Benali",
    "name": "Amine Benali",
    "phone": "6173732452",
    "primaryDepartment": "DMSB Office of the Dean",
  },
  Object {
    "emails": Array [
      "a.benavidez@northeastern.edu",
    ],
    "firstName": "Aaron",
    "id": "GnvOfpn3kuX%2FZSwMQRjHYg%3D%3D",
    "lastName": "Benavidez",
    "name": "Aaron Benavidez",
    "primaryDepartment": "CPS-International Programs",
  },
  Object {
    "emails": Array [
      "s.bencherif@northeastern.edu",
    ],
    "firstName": "Sidi",
    "id": "KlEzeoQlrkjT8VI01dbKCA%3D%3D",
    "lastName": "Bencherif",
    "name": "Sidi A. Bencherif",
    "phone": "6173732989",
    "primaryDepartment": "Chemical Engineering",
    "primaryRole": "Assistant Professor",
  },
  Object {
    "emails": Array [
      "j.benda@northeastern.edu",
    ],
    "firstName": "Jonathan",
    "id": "4WW0J8Qd%2BKbRdVC9lsuroA%3D%3D",
    "lastName": "Benda",
    "name": "Jonathan Benda",
    "phone": "6173734540",
    "primaryDepartment": "English",
    "primaryRole": "Associate Teaching Professor",
  },
  Object {
    "emails": Array [
      "r.bender@northeastern.edu",
    ],
    "firstName": "Ryan",
    "id": "tuA3hDjwxN6ujJtIBxeHcg%3D%3D",
    "lastName": "Bender",
    "name": "Ryan Bender",
    "phone": "6173736421",
    "primaryDepartment": "ITS Customer Services",
    "primaryRole": "Mgr-Digital Univ Solutions&Exp",
  },
  Object {
    "emails": Array [
      "k.bendix@northeastern.edu",
    ],
    "firstName": "Kate",
    "id": "UWqP07R4PhqHsjouQGkMbA%3D%3D",
    "lastName": "Bendix",
    "name": "Kate Bendix",
    "primaryDepartment": "Physical Therapy",
  },
  Object {
    "emails": Array [
      "e.benevides@northeastern.edu",
    ],
    "firstName": "Eric",
    "id": "Adl70JGneC28z7HOyOfhqg%3D%3D",
    "lastName": "Benevides",
    "name": "Eric Benevides",
    "phone": "6173735067",
    "primaryDepartment": "University Registrar",
    "primaryRole": "Business Systems Analyst",
  },
  Object {
    "emails": Array [
      "m.beniteskaplan@northeastern.edu",
    ],
    "firstName": "Mary",
    "id": "3ChTJ9Nljj1UtspsKH%2F8VA%3D%3D",
    "lastName": "Kaplan",
    "name": "Mary Ann Benites Kaplan",
    "primaryDepartment": "College of Professional Studies",
    "primaryRole": "Lecturer",
  },
  Object {
    "emails": Array [
      "m.benitez@northeastern.edu",
    ],
    "firstName": "Michael",
    "id": "qieXwZZ3zpLOOyoT9EO3Zg%3D%3D",
    "lastName": "Benitez",
    "name": "Michael Benitez",
    "phone": "6173732393",
    "primaryDepartment": "Building Services",
    "primaryRole": "Building Services Supervisor",
  },
  Object {
    "emails": Array [
      "cr.bennett@northeastern.edu",
    ],
    "firstName": "Craig",
    "id": "cb1uL%2Bg5kOlBCt%2F3YEQyMQ%3D%3D",
    "lastName": "Bennett",
    "name": "Craig Bennett",
    "primaryDepartment": "CPS-Undergraduate Programs",
    "primaryRole": "Lecturer",
  },
  Object {
    "emails": Array [
      "el.bennett@northeastern.edu",
    ],
    "firstName": "Elisabeth",
    "id": "LH8xDclPnlMa1O2XWG25yQ%3D%3D",
    "lastName": "Bennett",
    "name": "Elisabeth Bennett",
    "primaryDepartment": "CPS-Graduate Programs",
    "primaryRole": "Associate Teaching Professor",
  },
  Object {
    "emails": Array [
      "e.bennett@northeastern.edu",
    ],
    "firstName": "Evan",
    "id": "yWq7o2h2wxBsJa3Y9vY9Yg%3D%3D",
    "lastName": "Bennett",
    "name": "Evan Bennett",
    "phone": "6173732440",
    "primaryDepartment": "Music",
  },
  Object {
    "emails": Array [
      "l.bennett@northeastern.edu",
    ],
    "firstName": "Lakisha",
    "id": "ljOGt%2B9nSg%2Fg15c%2FGQ7uFQ%3D%3D",
    "lastName": "Bennett",
    "name": "Lakisha Bennett",
    "primaryDepartment": "School Of Nursing",
    "primaryRole": "Prgm Mgr-Clinical Plcmt Office",
  },
  Object {
    "emails": Array [
      "rs.bennett@northeastern.edu",
    ],
    "firstName": "Richard",
    "id": "dC9ekHwjvpSykX4YbuNpcg%3D%3D",
    "lastName": "Bennett",
    "name": "Richard Bennett",
    "phone": "6173732343",
    "primaryDepartment": "Transportation-Dorms",
    "primaryRole": "Mover Bus Truck Driver",
  },
  Object {
    "emails": Array [
      "j.benneyan@northeastern.edu",
    ],
    "firstName": "James",
    "id": "lc5ZWmmcL5kpsYit0URkxQ%3D%3D",
    "lastName": "Benneyan",
    "name": "James Benneyan",
    "phone": "6173732975",
    "primaryDepartment": "Mechanical + Industrial Engineering",
    "primaryRole": "Professor",
  },
  Object {
    "emails": Array [
      "b.benson@northeastern.edu",
    ],
    "firstName": "Beau",
    "id": "kVXDfsydhIFfYc3ZYD9X1Q%3D%3D",
    "lastName": "Benson",
    "name": "Beau Benson",
    "phone": "6173735029",
    "primaryDepartment": "Admissions Recruitment",
    "primaryRole": "Sr Assoc Director-Admissions",
  },
  Object {
    "emails": Array [
      "s.benson@northeastern.edu",
    ],
    "firstName": "Sarah",
    "id": "u1qvE8PjF%2FuqzcT%2Fo3m6tA%3D%3D",
    "lastName": "Benson",
    "name": "Sarah Benson",
    "phone": "6178240054",
    "primaryDepartment": "Orientation",
    "primaryRole": "Assoc Dir-Comm & Event Mgmt",
  },
  Object {
    "emails": Array [
      "j.bentley@northeastern.edu",
    ],
    "firstName": "Jennifer",
    "id": "4pKGvZnGvBy5%2Ftkn%2FaOg5g%3D%3D",
    "lastName": "Bentley",
    "name": "Jennifer Bentley",
    "phone": "6173733698",
    "primaryDepartment": "Comm Sciences & Disorders",
  },
  Object {
    "emails": Array [
      "a.benware@northeastern.edu",
    ],
    "firstName": "Anne",
    "id": "KC4sIMUrUuuypLLYa%2F%2FioQ%3D%3D",
    "lastName": "Benware",
    "name": "Anne Benware",
    "phone": "6173733230",
    "primaryDepartment": "DMSB Office of the Dean",
    "primaryRole": "Assoc Dir-Event Planning &Mgmt",
  },
  Object {
    "emails": Array [
      "s.berajawala@northeastern.edu",
    ],
    "firstName": "Suneil",
    "id": "AudNEJ3lwpGATk25EpYnLQ%3D%3D",
    "lastName": "Berajawala",
    "name": "Suneil Berajawala",
    "primaryDepartment": "COE-Graduate",
  },
  Object {
    "emails": Array [
      "g.berardi@northeastern.edu",
    ],
    "firstName": "Gregory",
    "id": "HL3bYCisL%2FeNuK4PBJzRSw%3D%3D",
    "lastName": "Berardi",
    "name": "Gregory Berardi",
    "primaryDepartment": "Facilities-Maintenance + Services",
    "primaryRole": "HVAC Systems Technician",
  },
  Object {
    "emails": Array [
      "r.berardi@northeastern.edu",
    ],
    "firstName": "Robert",
    "id": "VSyZAhKcw%2BT78j6p9iFU0A%3D%3D",
    "lastName": "Berardi",
    "name": "Robert Berardi",
    "primaryDepartment": "College of Professional Studies",
    "primaryRole": "Lecturer",
  },
  Object {
    "emails": Array [
      "i.berent@northeastern.edu",
    ],
    "firstName": "Iris",
    "id": "uKAXqbJn6pfB6jDPJiOqWA%3D%3D",
    "lastName": "Berent",
    "name": "Iris Berent",
    "phone": "6173734033",
    "primaryDepartment": "Psychology",
    "primaryRole": "Professor",
  },
  Object {
    "emails": Array [
      "a.fontana@northeastern.edu",
    ],
    "firstName": "Alyssa",
    "id": "5AOTJVjeffPaWE6r3F7Odg%3D%3D",
    "lastName": "Berg",
    "name": "Alyssa Berg",
    "phone": "6173732696",
    "primaryDepartment": "Public Safety",
    "primaryRole": "Intl Safety/Security Mgr",
  },
  Object {
    "emails": Array [
      "b.berg@northeastern.edu",
    ],
    "firstName": "Bruce",
    "id": "kZoxC5ghtZqjV5BIcsZr3Q%3D%3D",
    "lastName": "Berg",
    "name": "Bruce Berg",
    "phone": "6173737925",
    "primaryDepartment": "Development Research",
    "primaryRole": "Sr Dir Prospect Development",
  },
  Object {
    "emails": Array [
      "k.berge@northeastern.edu",
    ],
    "firstName": "Kate",
    "id": "fhENkFHrAmRDviVhHUYB%2Fw%3D%3D",
    "lastName": "Berge",
    "name": "Kate Berge",
    "phone": "6173736669",
    "primaryDepartment": "International Study Programs",
    "primaryRole": "Sr Asst Dir NUin Prgm Admin",
  },
  Object {
    "emails": Array [
      "s.bergelson@northeastern.edu",
    ],
    "firstName": "Sophie",
    "id": "Omgsnh8VEG2lb0KT%2B5vpWQ%3D%3D",
    "lastName": "Bergelson",
    "name": "Sophie Bergelson",
    "phone": "6173733002",
    "primaryDepartment": "School of Law-CCOPA",
    "primaryRole": "Program Assistant",
  },
  Object {
    "emails": Array [
      "n.berger@northeastern.edu",
    ],
    "firstName": "Nancy",
    "id": "47Vf9ys%2FiOV7GSVxqYfz7w%3D%3D",
    "lastName": "Berger",
    "name": "Nancy Berger",
    "phone": "6173734234",
    "primaryDepartment": "Treasury Services",
    "primaryRole": "Treasury Specialist",
  },
  Object {
    "emails": Array [
      "b.elizabeth@northeastern.edu",
    ],
    "firstName": "Elizabeth",
    "id": "cak5r77AJC1CxMTQCpkvLQ%3D%3D",
    "lastName": "Bergeron",
    "name": "Elizabeth Bergeron",
    "primaryDepartment": "College of Professional Studies",
    "primaryRole": "Lecturer",
  },
  Object {
    "emails": Array [
      "c.bergersen@northeastern.edu",
    ],
    "firstName": "Courtney",
    "id": "oIGs90j8ZiNc%2FSX2XYil6w%3D%3D",
    "lastName": "Bergersen",
    "name": "Courtney Bergersen",
    "phone": "6173734951",
    "primaryDepartment": "College of Professional Studies",
    "primaryRole": "Lecturer",
  },
  Object {
    "emails": Array [
      "j.bergersen@northeastern.edu",
    ],
    "firstName": "Jack",
    "id": "rCxqb3ZD54NHqAZ7FcD9xA%3D%3D",
    "lastName": "Bergersen",
    "name": "Jack Bergersen",
    "primaryDepartment": "College of Professional Studies",
    "primaryRole": "Lecturer",
  },
  Object {
    "emails": Array [
      "l.berggren@northeastern.edu",
    ],
    "firstName": "Lynne",
    "id": "i2anb9yPBVJelM1PVnYB7w%3D%3D",
    "lastName": "Berggren",
    "name": "Lynne Berggren",
    "phone": "6173733190",
    "primaryDepartment": "Financial Aid",
    "primaryRole": "Information Systems Specialist",
  },
  Object {
    "emails": Array [
      "p.bergschneider@northeastern.edu",
    ],
    "firstName": "Tricia",
    "id": "FgN%2BK0lrY%2FA60lMd8s0%2BFQ%3D%3D",
    "lastName": "Bergschneider",
    "name": "Tricia Bergschneider",
    "primaryDepartment": "School Of Nursing",
  },
  Object {
    "emails": Array [
      "c.bergstrom@northeastern.edu",
    ],
    "firstName": "Steve",
    "id": "3qkjWPq7F536JL5s%2B%2FYRmA%3D%3D",
    "lastName": "Bergstrom",
    "name": "Steve Bergstrom",
    "phone": "6173733260",
    "primaryDepartment": "DMSB Office of the Dean",
  },
  Object {
    "emails": Array [
      "s.berin@northeastern.edu",
    ],
    "firstName": "Samuel",
    "id": "YnWuAoqprYdFaUMpcvGTbA%3D%3D",
    "lastName": "Berin",
    "name": "Samuel Berin",
    "phone": "6173734536",
    "primaryDepartment": "Physical Therapy",
    "primaryRole": "Research Technician",
  },
  Object {
    "emails": Array [
      "r.berkey@northeastern.edu",
    ],
    "firstName": "Becca",
    "id": "8PRGRA%2Bs6fIuY6fbyur3YA%3D%3D",
    "lastName": "Berkey",
    "name": "Becca Berkey",
    "phone": "6173735840",
    "primaryDepartment": "City and Community Affairs",
    "primaryRole": "Director",
  },
  Object {
    "emails": Array [
      "al.berleus@northeastern.edu",
    ],
    "firstName": "Alexandra",
    "id": "cWK4bRrO3rkQ2KymP78gGA%3D%3D",
    "lastName": "Berleus",
    "name": "Alexandra Berleus",
    "phone": "6173738481",
    "primaryDepartment": "Engineering Office Of the Dean",
    "primaryRole": "Assoc Dir-Marketing & Comms",
  },
  Object {
    "emails": Array [
      "l.berman@northeastern.edu",
    ],
    "firstName": "Lindsay",
    "id": "xStB%2BDeCujW7bzoR3w2Olg%3D%3D",
    "lastName": "Berman",
    "name": "Lindsay Berman",
    "phone": "6173734772",
    "primaryDepartment": "Women's Hockey",
    "primaryRole": "Asst Coach-Women's Ice Hockey",
  },
  Object {
    "emails": Array [
      "ma.berman@northeastern.edu",
    ],
    "firstName": "Mark",
    "id": "YtCW7NdGTppYqaKAj5IYYg%3D%3D",
    "lastName": "Berman",
    "name": "Mark Berman",
    "phone": "6173732452",
    "primaryDepartment": "DMSB Office of the Dean",
  },
  Object {
    "emails": Array [
      "a.bernadin@northeastern.edu",
    ],
    "firstName": "Adler",
    "id": "O4OwK43g42SL%2B4fV5x57bw%3D%3D",
    "lastName": "Bernadin",
    "name": "Adler Bernadin",
    "primaryDepartment": "Facilities Administration-10",
    "primaryRole": "Director-Work Management",
  },
  Object {
    "emails": Array [
      "d.bernal@northeastern.edu",
    ],
    "firstName": "Dionisio",
    "id": "aKB7RAKxEZKaD8FypMJIUQ%3D%3D",
    "lastName": "Bernal",
    "name": "Dionisio Bernal",
    "phone": "6173734417",
    "primaryDepartment": "Civil and Environmental Engineering",
    "primaryRole": "Professor",
  },
  Object {
    "emails": Array [
      "e.bernalmor@northeastern.edu",
    ],
    "firstName": "Elena",
    "id": "umsp9VsiY4tNL2LRwON%2FIg%3D%3D",
    "lastName": "Mor",
    "name": "Elena Bernal Mor",
    "primaryDepartment": "Electrical and Computer Engineering",
  },
  Object {
    "emails": Array [
      "k.bernardin@northeastern.edu",
    ],
    "firstName": "Kelsey",
    "id": "FkMKfiyJLnhPFZBZxoPUPw%3D%3D",
    "lastName": "Bernardin",
    "name": "Kelsey Bernardin",
    "phone": "6173733908",
    "primaryDepartment": "Physical Therapy",
  },
  Object {
    "firstName": "Genevieve",
    "id": "1xDOwtSDvs2e9KjTmA75fw%3D%3D",
    "lastName": "Bernatchez",
    "name": "Genevieve Bernatchez",
    "primaryDepartment": "College of Professional Studies",
  },
  Object {
    "emails": Array [
      "m.bernazzani@northeastern.edu",
    ],
    "firstName": "Michelle",
    "id": "z%2FJF4hOncI%2FG24ARpliw%2Fg%3D%3D",
    "lastName": "Bernazzani",
    "name": "Michelle Bernazzani",
    "primaryDepartment": "Enrollment Management",
    "primaryRole": "Sr Asst Dir - Mktg & Comms",
  },
  Object {
    "emails": Array [
      "m.bernfeld@northeastern.edu",
    ],
    "firstName": "Mark",
    "id": "M2NH5aGdbXT3NsMSV7XtWw%3D%3D",
    "lastName": "Bernfeld",
    "name": "Mark Bernfeld",
    "phone": "6173733616",
    "primaryDepartment": "DMSB Finance Group",
    "primaryRole": "Professor of the Practice",
  },
  Object {
    "emails": Array [
      "m.bernhard@northeastern.edu",
    ],
    "firstName": "Peg",
    "id": "0rkYzlVBVADqtauHrcU2RQ%3D%3D",
    "lastName": "Bernhard",
    "name": "Peg Bernhard",
    "phone": "9802248467",
    "primaryDepartment": "Charlotte Regional Campus",
    "primaryRole": "Associate Dean-Campus Admin",
  },
  Object {
    "emails": Array [
      "e.bernstein@northeastern.edu",
    ],
    "firstName": "Eugene",
    "id": "wn0tjEoRlo%2FTE8Dfr%2B0TvA%3D%3D",
    "lastName": "Bernstein",
    "name": "Eugene Bernstein",
    "phone": "6173733220",
    "primaryDepartment": "Pharmaceutical Sciences",
    "primaryRole": "Associate Teaching Professor",
  },
  Object {
    "emails": Array [
      "j.bernstein@northeastern.edu",
    ],
    "firstName": "Jon",
    "id": "ZZXMPxrFWUGV17DzXDqhGw%3D%3D",
    "lastName": "Bernstein",
    "name": "Jon Bernstein",
    "phone": "6173736927",
    "primaryDepartment": "CAMD-Office of the Dean",
    "primaryRole": "Sr Dir-College Enrollment Mgmt",
  },
  Object {
    "emails": Array [
      "l.bernstein@northeastern.edu",
    ],
    "firstName": "Larry",
    "id": "%2B9Yas6J4nmbQ0e8J7Ju54Q%3D%3D",
    "lastName": "Bernstein",
    "name": "Larry Bernstein",
    "phone": "6173735956",
    "primaryDepartment": "University Decision Support",
    "primaryRole": "Sr Research Associate",
  },
  Object {
    "emails": Array [
      "t.bernstein@northeastern.edu",
    ],
    "firstName": "Toby",
    "id": "ePOKoIbu9GdJq5ZD%2B35LfQ%3D%3D",
    "lastName": "Bernstein",
    "name": "Toby Bernstein",
    "phone": "6173734791",
    "primaryDepartment": "Library-Resource & Discovery Srvcs",
    "primaryRole": "Assistant Head-Print/NonPrint",
  },
  Object {
    "firstName": "Kristen",
    "id": "Tai%2FSnim61G61e1H1GcDWg%3D%3D",
    "lastName": "Berry",
    "name": "Kristen Berry",
    "primaryDepartment": "College of Professional Studies",
  },
  Object {
    "emails": Array [
      "n.bersey@northeastern.edu",
    ],
    "firstName": "Nicole",
    "id": "%2FSFDzv3NLRpdrWb%2B%2FVI0Zg%3D%3D",
    "lastName": "Bersey",
    "name": "Nicole Bersey",
    "primaryDepartment": "COS-Undergraduate Advising",
    "primaryRole": "Academic Advisor",
  },
  Object {
    "emails": Array [
      "b.berthelette@northeastern.edu",
    ],
    "firstName": "Brandon",
    "id": "Uqx7h3mJ4uxOBQNfjDgAjw%3D%3D",
    "lastName": "Berthelette",
    "name": "Brandon Berthelette",
    "primaryDepartment": "Maintenance-Mechanics",
    "primaryRole": "Plumbing/Mechanical Foreperson",
  },
  Object {
    "emails": Array [
      "j.bertman@northeastern.edu",
    ],
    "firstName": "Jackie",
    "id": "eI4rRxg7CzKeeHeGzt5COQ%3D%3D",
    "lastName": "Bertman",
    "name": "Jackie Bertman",
    "primaryDepartment": "CPS-International Programs",
    "primaryRole": "Asst Dir-Global Stdnt Success",
  },
  Object {
    "emails": Array [
      "c.bertrand@northeastern.edu",
    ],
    "firstName": "Chase",
    "id": "tuWHqJtEjnbIrjXzOfAi8A%3D%3D",
    "lastName": "Bertrand",
    "name": "Chase Bertrand",
    "primaryDepartment": "Enrollment Management",
    "primaryRole": "Marketing Automation Manager",
  },
  Object {
    "emails": Array [
      "b.bertsch@northeastern.edu",
    ],
    "firstName": "Benjamin",
    "id": "TJXSurAPdZm%2B9tMa%2Biq7BQ%3D%3D",
    "lastName": "Bertsch",
    "name": "Benjamin Bertsch",
    "phone": "6173733169",
    "primaryDepartment": "University Communications",
    "primaryRole": "Video & Multimedia Producer",
  },
  Object {
    "emails": Array [
      "d.berwaldt@northeastern.edu",
    ],
    "firstName": "Deborah",
    "id": "i7g0BX7ADFBCuP%2FpwSKBgA%3D%3D",
    "lastName": "Berwaldt",
    "name": "Deborah Berwaldt",
    "primaryDepartment": "Office of the Chancellor",
    "primaryRole": "Sr Project Manager",
  },
  Object {
    "emails": Array [
      "b.beshimov@northeastern.edu",
    ],
    "firstName": "Baktybek",
    "id": "Ob%2BV1gsDbHcTDMh5z%2BHRyQ%3D%3D",
    "lastName": "Beshimov",
    "name": "Baktybek Beshimov",
    "primaryDepartment": "CPS-Graduate Programs",
    "primaryRole": "Professor of the Practice",
  },
  Object {
    "emails": Array [
      "d.bess@northeastern.edu",
    ],
    "firstName": "Delante",
    "id": "Kt1gBK8UQnJXDajtlGDezw%3D%3D",
    "lastName": "Bess",
    "name": "Delante Bess",
    "primaryDepartment": "ITS Business Analysis",
    "primaryRole": "Sr. SNOW Administrator/Devlpr",
  },
  Object {
    "emails": Array [
      "i.bessell@northeastern.edu",
    ],
    "firstName": "Ian",
    "id": "axPydyncFAwsR%2B5Vz9vtcg%3D%3D",
    "lastName": "Bessell",
    "name": "Ian Bessell",
    "primaryDepartment": "College of Professional Studies",
    "primaryRole": "Lecturer",
  },
  Object {
    "emails": Array [
      "m.best@northeastern.edu",
    ],
    "firstName": "Maraya",
    "id": "NtcobdiLkk%2B36YjjYRGZtg%3D%3D",
    "lastName": "Best",
    "name": "Maraya Best",
    "phone": "6173733307",
    "primaryDepartment": "School of Law-CCOPA",
    "primaryRole": "Kohn Memorial Fellowship",
  },
  Object {
    "emails": Array [
      "a.cockshaw@northeastern.edu",
    ],
    "firstName": "Allison",
    "id": "U%2F0UiLT2lW%2BL44vrg8kWZg%3D%3D",
    "lastName": "Betsold",
    "name": "Allison Betsold",
    "primaryDepartment": "Music",
    "primaryRole": "Assistant Director-Bands",
  },
  Object {
    "emails": Array [
      "cr.bettinson@northeastern.edu",
    ],
    "firstName": "Craig",
    "id": "IvhsVWAXhyrINJG5Bo%2FiXA%3D%3D",
    "lastName": "Bettinson",
    "name": "Craig Bettinson",
    "phone": "6173734261",
    "primaryDepartment": "CAMD-Coop",
    "primaryRole": "Asst Coop Coord&Dir-Coop Ed",
  },
  Object {
    "emails": Array [
      "p.beuning@northeastern.edu",
    ],
    "firstName": "Penny",
    "id": "ZSCiNSwbhmY7m3yfg6F6gQ%3D%3D",
    "lastName": "Beuning",
    "name": "Penny Beuning",
    "phone": "6173732865",
    "primaryDepartment": "Chemistry and Chemical Biology",
    "primaryRole": "Professor",
  },
  Object {
    "emails": Array [
      "p.bex@northeastern.edu",
    ],
    "firstName": "Peter",
    "id": "Inzs7A4XEny1GWioJX4A6g%3D%3D",
    "lastName": "Bex",
    "name": "Peter Bex",
    "primaryDepartment": "Psychology",
    "primaryRole": "Professor",
  },
]
`;
