// Jest Snapshot v1, https://goo.gl/fbAQLP

exports[`should render some stuff 1`] = `
<div>
  <div
    className="undefined ui segment"
  >
    <div
      className={undefined}
    >
      <span
        className={undefined}
      >
        CS
         
        1210
        : 
        Computer Science/Information Science Overview 2: Co-op Preparation
      </span>
      <span
        className={undefined}
      >
        <a
          className={undefined}
          data-tip="View on neu.edu"
          href="https://wl11gp.neu.edu/udcprod8/bwckctlg.p_disp_course_detail?cat_term_in=201810&subj_code_in=CS&crse_numb_in=1210"
          rel="noopener noreferrer"
          target="_blank"
        >
          <img
            alt="link"
            src="file"
          />
        </a>
      </span>
    </div>
    <div
      className={undefined}
    >
      Continues the preparation of students for careers in the computing and information fields by discussing co-op and co-op processes. Offers students an opportunity to prepare a professional résumé; practice proper interviewing techniques; explore current job opportunities; learn how to engage in the job and referral process; and to understand co-op policies, procedures, and expectations. Discusses professional behavior and ethical issues in the workplace. 1.000 Lecture hours
      <br />
      <br />
      <div
        className={undefined}
      >
        Prerequisites: 
        <span
          className="dynamicText"
        >
          None
        </span>
         
        <br />
        Corequisites: 
        <span
          className="dynamicText"
        >
          None
        </span>
         
        <br />
        Prerequisite for: 
        <span
          className="dynamicText"
        >
          None
        </span>
         
        <br />
        Optional Prerequisite for: 
        <span
          className="dynamicText"
        >
          None
        </span>
         
      </div>
      <div
        className={undefined}
      >
        <div
          data-tip="Check neu.edu for possible updates"
        >
           Updated 
          6 days ago
        </div>
        1 credits
      </div>
    </div>
    <table
      className="ui celled striped table undefined"
    >
      <thead>
        <tr>
          <th>
            <div
              className={undefined}
              data-tip="Course Reference Number"
            >
              CRN
            </div>
          </th>
          <th>
             Professors 
          </th>
          <th>
             Weekdays 
          </th>
          <th>
             Time 
          </th>
          <th>
             Location 
          </th>
          <th>
             Seats 
          </th>
          <th
            className="displayNone"
          >
             Waitlist seats
          </th>
          <th>
             Link 
          </th>
        </tr>
      </thead>
      <tbody>
        <tr
          className={undefined}
        />
        <DesktopSectionPanel
          section={
            Section {
              "classId": "1210",
              "classUid": "1210_602555960",
              "crn": "13502",
              "host": "neu.edu",
              "lastUpdateTime": 1511131914029,
              "meetings": Array [
                Meeting {
                  "endDate": "2017-12-07T00:00:00.000Z",
                  "profs": Array [
                    "Jennifer Anne Shire",
                  ],
                  "startDate": "2017-09-07T00:00:00.000Z",
                  "times": Array [
                    Array [
                      Object {
                        "end": "1970-01-06T11:30:00.000Z",
                        "start": "1970-01-06T09:50:00.000Z",
                      },
                    ],
                  ],
                  "where": "Snell Engineering Center 108",
                },
              ],
              "online": false,
              "seatsCapacity": 19,
              "seatsRemaining": 0,
              "subject": "CS",
              "termId": "201810",
              "url": "https://wl11gp.neu.edu/udcprod8/bwckschd.p_disp_detail_sched?term_in=201810&crn_in=13502",
              "waitCapacity": 0,
              "waitRemaining": 0,
            }
          }
          shouldShowExamColumns={false}
          showWaitList={false}
        />
        <DesktopSectionPanel
          section={
            Section {
              "classId": "1210",
              "classUid": "1210_602555960",
              "crn": "14404",
              "host": "neu.edu",
              "lastUpdateTime": 1511131914065,
              "meetings": Array [
                Meeting {
                  "endDate": "2017-12-07T00:00:00.000Z",
                  "profs": Array [
                    "Jennifer Anne Shire",
                  ],
                  "startDate": "2017-09-07T00:00:00.000Z",
                  "times": Array [
                    Array [
                      Object {
                        "end": "1970-01-06T13:25:00.000Z",
                        "start": "1970-01-06T11:45:00.000Z",
                      },
                    ],
                  ],
                  "where": "Ryder Hall 431",
                },
              ],
              "online": false,
              "seatsCapacity": 19,
              "seatsRemaining": 0,
              "subject": "CS",
              "termId": "201810",
              "url": "https://wl11gp.neu.edu/udcprod8/bwckschd.p_disp_detail_sched?term_in=201810&crn_in=14404",
              "waitCapacity": 0,
              "waitRemaining": 0,
            }
          }
          shouldShowExamColumns={false}
          showWaitList={false}
        />
        <DesktopSectionPanel
          section={
            Section {
              "classId": "1210",
              "classUid": "1210_602555960",
              "crn": "14405",
              "host": "neu.edu",
              "lastUpdateTime": 1511131914065,
              "meetings": Array [
                Meeting {
                  "endDate": "2017-12-07T00:00:00.000Z",
                  "profs": Array [
                    "Jennifer Anne Shire",
                  ],
                  "startDate": "2017-09-07T00:00:00.000Z",
                  "times": Array [
                    Array [
                      Object {
                        "end": "1970-01-06T13:25:00.000Z",
                        "start": "1970-01-06T11:45:00.000Z",
                      },
                    ],
                  ],
                  "where": "Ryder Hall 431",
                },
              ],
              "online": false,
              "seatsCapacity": 19,
              "seatsRemaining": 0,
              "subject": "CS",
              "termId": "201810",
              "url": "https://wl11gp.neu.edu/udcprod8/bwckschd.p_disp_detail_sched?term_in=201810&crn_in=14404",
              "waitCapacity": 0,
              "waitRemaining": 0,
            }
          }
          shouldShowExamColumns={false}
          showWaitList={false}
        />
      </tbody>
    </table>
    <div
      className="showMoreButton"
      onClick={[Function]}
      role="button"
      tabIndex={0}
    >
      Show More...
    </div>
  </div>
</div>
`;
