// Jest Snapshot v1, https://goo.gl/fbAQLP

exports[`should render a section 1`] = `
<span>
  <span
    key="Snell Engineering Center 108"
  >
    <a
      href="https://maps.google.com/?q=Northeastern University Snell Engineering Center "
      rel="noopener noreferrer"
      target="_blank"
    >
      Snell Engineering Center 108
    </a>
  </span>
</span>
`;

exports[`should render another section 1`] = `<span />`;
