// Jest Snapshot v1, https://goo.gl/fbAQLP

exports[`should render a section 1`] = `
ShallowWrapper {
  Symbol(enzyme.__root__): [Circular],
  Symbol(enzyme.__unrendered__): <MobileSectionPanel
    section={
      Section {
        "classId": "1210",
        "crn": "13502",
        "host": "neu.edu",
        "lastUpdateTime": 1511131914029,
        "meetings": Array [
          Meeting {
            "endDate": "2017-12-07T00:00:00.000Z",
            "profs": Array [
              "Jennifer Anne Shire",
            ],
            "startDate": "2017-09-07T00:00:00.000Z",
            "times": Array [
              Array [
                Object {
                  "end": "1970-01-06T11:30:00.000Z",
                  "start": "1970-01-06T09:50:00.000Z",
                },
              ],
            ],
            "where": "Snell Engineering Center 108",
          },
        ],
        "online": false,
        "seatsCapacity": 19,
        "seatsRemaining": 0,
        "subject": "CS",
        "termId": "201810",
        "url": "https://wl11gp.neu.edu/udcprod8/bwckschd.p_disp_detail_sched?term_in=201810&crn_in=13502",
        "waitCapacity": 0,
        "waitRemaining": 0,
      }
    }
  />,
  Symbol(enzyme.__renderer__): Object {
    "batchedUpdates": [Function],
    "getNode": [Function],
    "render": [Function],
    "simulateError": [Function],
    "simulateEvent": [Function],
    "unmount": [Function],
  },
  Symbol(enzyme.__node__): Object {
    "instance": null,
    "key": undefined,
    "nodeType": "host",
    "props": Object {
      "children": Array [
        <div
          className="globe"
        >
          <a
            href="https://wl11gp.neu.edu/udcprod8/bwckschd.p_disp_detail_sched?term_in=201810&crn_in=13502"
            rel="noopener noreferrer"
            target="_blank"
          >
            <img
              alt="link"
              src="file"
            />
          </a>
        </div>,
        <div
          className="mobile-section-title"
        >
          Jennifer Shire @ 9:50 am
        </div>,
        <table>
          <tbody>
            <tr
              className="firstRow"
            >
              <td
                className="firstColumn"
              >
                CRN
              </td>
              <td
                className="secondColumn"
              >
                13502
              </td>
            </tr>
            <tr>
              <td
                className="firstColumn"
              >
                Profs
              </td>
              <td
                className="secondColumn"
              >
                Jennifer Anne Shire
              </td>
            </tr>
            <tr
              style={
                Object {
                  "display": false,
                }
              }
            >
              <td
                className="firstColumn"
              >
                Place
              </td>
              <td
                className="secondColumn"
              >
                <LocationLinks
                  section={
                    Section {
                      "classId": "1210",
                      "crn": "13502",
                      "host": "neu.edu",
                      "lastUpdateTime": 1511131914029,
                      "meetings": Array [
                        Meeting {
                          "endDate": "2017-12-07T00:00:00.000Z",
                          "profs": Array [
                            "Jennifer Anne Shire",
                          ],
                          "startDate": "2017-09-07T00:00:00.000Z",
                          "times": Array [
                            Array [
                              Object {
                                "end": "1970-01-06T11:30:00.000Z",
                                "start": "1970-01-06T09:50:00.000Z",
                              },
                            ],
                          ],
                          "where": "Snell Engineering Center 108",
                        },
                      ],
                      "online": false,
                      "seatsCapacity": 19,
                      "seatsRemaining": 0,
                      "subject": "CS",
                      "termId": "201810",
                      "url": "https://wl11gp.neu.edu/udcprod8/bwckschd.p_disp_detail_sched?term_in=201810&crn_in=13502",
                      "waitCapacity": 0,
                      "waitRemaining": 0,
                    }
                  }
                />
              </td>
            </tr>
            <tr
              style={
                Object {
                  "display": false,
                }
              }
            >
              <td
                className="firstColumn"
              >
                Times
              </td>
              <td
                className="secondColumn"
              >
                9:50 - 11:30 am
              </td>
            </tr>
            <tr
              style={
                Object {
                  "display": false,
                }
              }
            >
              <td
                className="firstColumn"
              >
                Days
              </td>
              <td
                className="secondColumn"
              >
                <WeekdayBoxes
                  section={
                    Section {
                      "classId": "1210",
                      "crn": "13502",
                      "host": "neu.edu",
                      "lastUpdateTime": 1511131914029,
                      "meetings": Array [
                        Meeting {
                          "endDate": "2017-12-07T00:00:00.000Z",
                          "profs": Array [
                            "Jennifer Anne Shire",
                          ],
                          "startDate": "2017-09-07T00:00:00.000Z",
                          "times": Array [
                            Array [
                              Object {
                                "end": "1970-01-06T11:30:00.000Z",
                                "start": "1970-01-06T09:50:00.000Z",
                              },
                            ],
                          ],
                          "where": "Snell Engineering Center 108",
                        },
                      ],
                      "online": false,
                      "seatsCapacity": 19,
                      "seatsRemaining": 0,
                      "subject": "CS",
                      "termId": "201810",
                      "url": "https://wl11gp.neu.edu/udcprod8/bwckschd.p_disp_detail_sched?term_in=201810&crn_in=13502",
                      "waitCapacity": 0,
                      "waitRemaining": 0,
                    }
                  }
                />
              </td>
            </tr>
            <tr
              style={
                Object {
                  "display": false,
                }
              }
            >
              <td
                className="firstColumn"
              >
                Seats
              </td>
              <td
                className="secondColumn"
              >
                0
                /
                19
                 Available
              </td>
            </tr>
          </tbody>
        </table>,
      ],
      "className": "section-container",
    },
    "ref": null,
    "rendered": Array [
      Object {
        "instance": null,
        "key": undefined,
        "nodeType": "host",
        "props": Object {
          "children": <a
            href="https://wl11gp.neu.edu/udcprod8/bwckschd.p_disp_detail_sched?term_in=201810&crn_in=13502"
            rel="noopener noreferrer"
            target="_blank"
          >
            <img
              alt="link"
              src="file"
            />
          </a>,
          "className": "globe",
        },
        "ref": null,
        "rendered": Object {
          "instance": null,
          "key": undefined,
          "nodeType": "host",
          "props": Object {
            "children": <img
              alt="link"
              src="file"
            />,
            "href": "https://wl11gp.neu.edu/udcprod8/bwckschd.p_disp_detail_sched?term_in=201810&crn_in=13502",
            "rel": "noopener noreferrer",
            "target": "_blank",
          },
          "ref": null,
          "rendered": Object {
            "instance": null,
            "key": undefined,
            "nodeType": "host",
            "props": Object {
              "alt": "link",
              "src": "file",
            },
            "ref": null,
            "rendered": null,
            "type": "img",
          },
          "type": "a",
        },
        "type": "div",
      },
      Object {
        "instance": null,
        "key": undefined,
        "nodeType": "host",
        "props": Object {
          "children": "Jennifer Shire @ 9:50 am",
          "className": "mobile-section-title",
        },
        "ref": null,
        "rendered": "Jennifer Shire @ 9:50 am",
        "type": "div",
      },
      Object {
        "instance": null,
        "key": undefined,
        "nodeType": "host",
        "props": Object {
          "children": <tbody>
            <tr
              className="firstRow"
            >
              <td
                className="firstColumn"
              >
                CRN
              </td>
              <td
                className="secondColumn"
              >
                13502
              </td>
            </tr>
            <tr>
              <td
                className="firstColumn"
              >
                Profs
              </td>
              <td
                className="secondColumn"
              >
                Jennifer Anne Shire
              </td>
            </tr>
            <tr
              style={
                Object {
                  "display": false,
                }
              }
            >
              <td
                className="firstColumn"
              >
                Place
              </td>
              <td
                className="secondColumn"
              >
                <LocationLinks
                  section={
                    Section {
                      "classId": "1210",
                      "crn": "13502",
                      "host": "neu.edu",
                      "lastUpdateTime": 1511131914029,
                      "meetings": Array [
                        Meeting {
                          "endDate": "2017-12-07T00:00:00.000Z",
                          "profs": Array [
                            "Jennifer Anne Shire",
                          ],
                          "startDate": "2017-09-07T00:00:00.000Z",
                          "times": Array [
                            Array [
                              Object {
                                "end": "1970-01-06T11:30:00.000Z",
                                "start": "1970-01-06T09:50:00.000Z",
                              },
                            ],
                          ],
                          "where": "Snell Engineering Center 108",
                        },
                      ],
                      "online": false,
                      "seatsCapacity": 19,
                      "seatsRemaining": 0,
                      "subject": "CS",
                      "termId": "201810",
                      "url": "https://wl11gp.neu.edu/udcprod8/bwckschd.p_disp_detail_sched?term_in=201810&crn_in=13502",
                      "waitCapacity": 0,
                      "waitRemaining": 0,
                    }
                  }
                />
              </td>
            </tr>
            <tr
              style={
                Object {
                  "display": false,
                }
              }
            >
              <td
                className="firstColumn"
              >
                Times
              </td>
              <td
                className="secondColumn"
              >
                9:50 - 11:30 am
              </td>
            </tr>
            <tr
              style={
                Object {
                  "display": false,
                }
              }
            >
              <td
                className="firstColumn"
              >
                Days
              </td>
              <td
                className="secondColumn"
              >
                <WeekdayBoxes
                  section={
                    Section {
                      "classId": "1210",
                      "crn": "13502",
                      "host": "neu.edu",
                      "lastUpdateTime": 1511131914029,
                      "meetings": Array [
                        Meeting {
                          "endDate": "2017-12-07T00:00:00.000Z",
                          "profs": Array [
                            "Jennifer Anne Shire",
                          ],
                          "startDate": "2017-09-07T00:00:00.000Z",
                          "times": Array [
                            Array [
                              Object {
                                "end": "1970-01-06T11:30:00.000Z",
                                "start": "1970-01-06T09:50:00.000Z",
                              },
                            ],
                          ],
                          "where": "Snell Engineering Center 108",
                        },
                      ],
                      "online": false,
                      "seatsCapacity": 19,
                      "seatsRemaining": 0,
                      "subject": "CS",
                      "termId": "201810",
                      "url": "https://wl11gp.neu.edu/udcprod8/bwckschd.p_disp_detail_sched?term_in=201810&crn_in=13502",
                      "waitCapacity": 0,
                      "waitRemaining": 0,
                    }
                  }
                />
              </td>
            </tr>
            <tr
              style={
                Object {
                  "display": false,
                }
              }
            >
              <td
                className="firstColumn"
              >
                Seats
              </td>
              <td
                className="secondColumn"
              >
                0
                /
                19
                 Available
              </td>
            </tr>
          </tbody>,
        },
        "ref": null,
        "rendered": Object {
          "instance": null,
          "key": undefined,
          "nodeType": "host",
          "props": Object {
            "children": Array [
              <tr
                className="firstRow"
              >
                <td
                  className="firstColumn"
                >
                  CRN
                </td>
                <td
                  className="secondColumn"
                >
                  13502
                </td>
              </tr>,
              null,
              <tr>
                <td
                  className="firstColumn"
                >
                  Profs
                </td>
                <td
                  className="secondColumn"
                >
                  Jennifer Anne Shire
                </td>
              </tr>,
              <tr
                style={
                  Object {
                    "display": false,
                  }
                }
              >
                <td
                  className="firstColumn"
                >
                  Place
                </td>
                <td
                  className="secondColumn"
                >
                  <LocationLinks
                    section={
                      Section {
                        "classId": "1210",
                        "crn": "13502",
                        "host": "neu.edu",
                        "lastUpdateTime": 1511131914029,
                        "meetings": Array [
                          Meeting {
                            "endDate": "2017-12-07T00:00:00.000Z",
                            "profs": Array [
                              "Jennifer Anne Shire",
                            ],
                            "startDate": "2017-09-07T00:00:00.000Z",
                            "times": Array [
                              Array [
                                Object {
                                  "end": "1970-01-06T11:30:00.000Z",
                                  "start": "1970-01-06T09:50:00.000Z",
                                },
                              ],
                            ],
                            "where": "Snell Engineering Center 108",
                          },
                        ],
                        "online": false,
                        "seatsCapacity": 19,
                        "seatsRemaining": 0,
                        "subject": "CS",
                        "termId": "201810",
                        "url": "https://wl11gp.neu.edu/udcprod8/bwckschd.p_disp_detail_sched?term_in=201810&crn_in=13502",
                        "waitCapacity": 0,
                        "waitRemaining": 0,
                      }
                    }
                  />
                </td>
              </tr>,
              <tr
                style={
                  Object {
                    "display": false,
                  }
                }
              >
                <td
                  className="firstColumn"
                >
                  Times
                </td>
                <td
                  className="secondColumn"
                >
                  9:50 - 11:30 am
                </td>
              </tr>,
              <tr
                style={
                  Object {
                    "display": false,
                  }
                }
              >
                <td
                  className="firstColumn"
                >
                  Days
                </td>
                <td
                  className="secondColumn"
                >
                  <WeekdayBoxes
                    section={
                      Section {
                        "classId": "1210",
                        "crn": "13502",
                        "host": "neu.edu",
                        "lastUpdateTime": 1511131914029,
                        "meetings": Array [
                          Meeting {
                            "endDate": "2017-12-07T00:00:00.000Z",
                            "profs": Array [
                              "Jennifer Anne Shire",
                            ],
                            "startDate": "2017-09-07T00:00:00.000Z",
                            "times": Array [
                              Array [
                                Object {
                                  "end": "1970-01-06T11:30:00.000Z",
                                  "start": "1970-01-06T09:50:00.000Z",
                                },
                              ],
                            ],
                            "where": "Snell Engineering Center 108",
                          },
                        ],
                        "online": false,
                        "seatsCapacity": 19,
                        "seatsRemaining": 0,
                        "subject": "CS",
                        "termId": "201810",
                        "url": "https://wl11gp.neu.edu/udcprod8/bwckschd.p_disp_detail_sched?term_in=201810&crn_in=13502",
                        "waitCapacity": 0,
                        "waitRemaining": 0,
                      }
                    }
                  />
                </td>
              </tr>,
              null,
              <tr
                style={
                  Object {
                    "display": false,
                  }
                }
              >
                <td
                  className="firstColumn"
                >
                  Seats
                </td>
                <td
                  className="secondColumn"
                >
                  0
                  /
                  19
                   Available
                </td>
              </tr>,
              null,
            ],
          },
          "ref": null,
          "rendered": Array [
            Object {
              "instance": null,
              "key": undefined,
              "nodeType": "host",
              "props": Object {
                "children": Array [
                  <td
                    className="firstColumn"
                  >
                    CRN
                  </td>,
                  <td
                    className="secondColumn"
                  >
                    13502
                  </td>,
                ],
                "className": "firstRow",
              },
              "ref": null,
              "rendered": Array [
                Object {
                  "instance": null,
                  "key": undefined,
                  "nodeType": "host",
                  "props": Object {
                    "children": "CRN",
                    "className": "firstColumn",
                  },
                  "ref": null,
                  "rendered": "CRN",
                  "type": "td",
                },
                Object {
                  "instance": null,
                  "key": undefined,
                  "nodeType": "host",
                  "props": Object {
                    "children": "13502",
                    "className": "secondColumn",
                  },
                  "ref": null,
                  "rendered": "13502",
                  "type": "td",
                },
              ],
              "type": "tr",
            },
            null,
            Object {
              "instance": null,
              "key": undefined,
              "nodeType": "host",
              "props": Object {
                "children": Array [
                  <td
                    className="firstColumn"
                  >
                    Profs
                  </td>,
                  <td
                    className="secondColumn"
                  >
                    Jennifer Anne Shire
                  </td>,
                ],
              },
              "ref": null,
              "rendered": Array [
                Object {
                  "instance": null,
                  "key": undefined,
                  "nodeType": "host",
                  "props": Object {
                    "children": "Profs",
                    "className": "firstColumn",
                  },
                  "ref": null,
                  "rendered": "Profs",
                  "type": "td",
                },
                Object {
                  "instance": null,
                  "key": undefined,
                  "nodeType": "host",
                  "props": Object {
                    "children": "Jennifer Anne Shire",
                    "className": "secondColumn",
                  },
                  "ref": null,
                  "rendered": "Jennifer Anne Shire",
                  "type": "td",
                },
              ],
              "type": "tr",
            },
            Object {
              "instance": null,
              "key": undefined,
              "nodeType": "host",
              "props": Object {
                "children": Array [
                  <td
                    className="firstColumn"
                  >
                    Place
                  </td>,
                  <td
                    className="secondColumn"
                  >
                    <LocationLinks
                      section={
                        Section {
                          "classId": "1210",
                          "crn": "13502",
                          "host": "neu.edu",
                          "lastUpdateTime": 1511131914029,
                          "meetings": Array [
                            Meeting {
                              "endDate": "2017-12-07T00:00:00.000Z",
                              "profs": Array [
                                "Jennifer Anne Shire",
                              ],
                              "startDate": "2017-09-07T00:00:00.000Z",
                              "times": Array [
                                Array [
                                  Object {
                                    "end": "1970-01-06T11:30:00.000Z",
                                    "start": "1970-01-06T09:50:00.000Z",
                                  },
                                ],
                              ],
                              "where": "Snell Engineering Center 108",
                            },
                          ],
                          "online": false,
                          "seatsCapacity": 19,
                          "seatsRemaining": 0,
                          "subject": "CS",
                          "termId": "201810",
                          "url": "https://wl11gp.neu.edu/udcprod8/bwckschd.p_disp_detail_sched?term_in=201810&crn_in=13502",
                          "waitCapacity": 0,
                          "waitRemaining": 0,
                        }
                      }
                    />
                  </td>,
                ],
                "style": Object {
                  "display": false,
                },
              },
              "ref": null,
              "rendered": Array [
                Object {
                  "instance": null,
                  "key": undefined,
                  "nodeType": "host",
                  "props": Object {
                    "children": "Place",
                    "className": "firstColumn",
                  },
                  "ref": null,
                  "rendered": "Place",
                  "type": "td",
                },
                Object {
                  "instance": null,
                  "key": undefined,
                  "nodeType": "host",
                  "props": Object {
                    "children": <LocationLinks
                      section={
                        Section {
                          "classId": "1210",
                          "crn": "13502",
                          "host": "neu.edu",
                          "lastUpdateTime": 1511131914029,
                          "meetings": Array [
                            Meeting {
                              "endDate": "2017-12-07T00:00:00.000Z",
                              "profs": Array [
                                "Jennifer Anne Shire",
                              ],
                              "startDate": "2017-09-07T00:00:00.000Z",
                              "times": Array [
                                Array [
                                  Object {
                                    "end": "1970-01-06T11:30:00.000Z",
                                    "start": "1970-01-06T09:50:00.000Z",
                                  },
                                ],
                              ],
                              "where": "Snell Engineering Center 108",
                            },
                          ],
                          "online": false,
                          "seatsCapacity": 19,
                          "seatsRemaining": 0,
                          "subject": "CS",
                          "termId": "201810",
                          "url": "https://wl11gp.neu.edu/udcprod8/bwckschd.p_disp_detail_sched?term_in=201810&crn_in=13502",
                          "waitCapacity": 0,
                          "waitRemaining": 0,
                        }
                      }
                    />,
                    "className": "secondColumn",
                  },
                  "ref": null,
                  "rendered": Object {
                    "instance": null,
                    "key": undefined,
                    "nodeType": "function",
                    "props": Object {
                      "section": Section {
                        "classId": "1210",
                        "crn": "13502",
                        "host": "neu.edu",
                        "lastUpdateTime": 1511131914029,
                        "meetings": Array [
                          Meeting {
                            "endDate": "2017-12-07T00:00:00.000Z",
                            "profs": Array [
                              "Jennifer Anne Shire",
                            ],
                            "startDate": "2017-09-07T00:00:00.000Z",
                            "times": Array [
                              Array [
                                Object {
                                  "end": "1970-01-06T11:30:00.000Z",
                                  "start": "1970-01-06T09:50:00.000Z",
                                },
                              ],
                            ],
                            "where": "Snell Engineering Center 108",
                          },
                        ],
                        "online": false,
                        "seatsCapacity": 19,
                        "seatsRemaining": 0,
                        "subject": "CS",
                        "termId": "201810",
                        "url": "https://wl11gp.neu.edu/udcprod8/bwckschd.p_disp_detail_sched?term_in=201810&crn_in=13502",
                        "waitCapacity": 0,
                        "waitRemaining": 0,
                      },
                    },
                    "ref": null,
                    "rendered": null,
                    "type": [Function],
                  },
                  "type": "td",
                },
              ],
              "type": "tr",
            },
            Object {
              "instance": null,
              "key": undefined,
              "nodeType": "host",
              "props": Object {
                "children": Array [
                  <td
                    className="firstColumn"
                  >
                    Times
                  </td>,
                  <td
                    className="secondColumn"
                  >
                    9:50 - 11:30 am
                  </td>,
                ],
                "style": Object {
                  "display": false,
                },
              },
              "ref": null,
              "rendered": Array [
                Object {
                  "instance": null,
                  "key": undefined,
                  "nodeType": "host",
                  "props": Object {
                    "children": "Times",
                    "className": "firstColumn",
                  },
                  "ref": null,
                  "rendered": "Times",
                  "type": "td",
                },
                Object {
                  "instance": null,
                  "key": undefined,
                  "nodeType": "host",
                  "props": Object {
                    "children": "9:50 - 11:30 am",
                    "className": "secondColumn",
                  },
                  "ref": null,
                  "rendered": "9:50 - 11:30 am",
                  "type": "td",
                },
              ],
              "type": "tr",
            },
            Object {
              "instance": null,
              "key": undefined,
              "nodeType": "host",
              "props": Object {
                "children": Array [
                  <td
                    className="firstColumn"
                  >
                    Days
                  </td>,
                  <td
                    className="secondColumn"
                  >
                    <WeekdayBoxes
                      section={
                        Section {
                          "classId": "1210",
                          "crn": "13502",
                          "host": "neu.edu",
                          "lastUpdateTime": 1511131914029,
                          "meetings": Array [
                            Meeting {
                              "endDate": "2017-12-07T00:00:00.000Z",
                              "profs": Array [
                                "Jennifer Anne Shire",
                              ],
                              "startDate": "2017-09-07T00:00:00.000Z",
                              "times": Array [
                                Array [
                                  Object {
                                    "end": "1970-01-06T11:30:00.000Z",
                                    "start": "1970-01-06T09:50:00.000Z",
                                  },
                                ],
                              ],
                              "where": "Snell Engineering Center 108",
                            },
                          ],
                          "online": false,
                          "seatsCapacity": 19,
                          "seatsRemaining": 0,
                          "subject": "CS",
                          "termId": "201810",
                          "url": "https://wl11gp.neu.edu/udcprod8/bwckschd.p_disp_detail_sched?term_in=201810&crn_in=13502",
                          "waitCapacity": 0,
                          "waitRemaining": 0,
                        }
                      }
                    />
                  </td>,
                ],
                "style": Object {
                  "display": false,
                },
              },
              "ref": null,
              "rendered": Array [
                Object {
                  "instance": null,
                  "key": undefined,
                  "nodeType": "host",
                  "props": Object {
                    "children": "Days",
                    "className": "firstColumn",
                  },
                  "ref": null,
                  "rendered": "Days",
                  "type": "td",
                },
                Object {
                  "instance": null,
                  "key": undefined,
                  "nodeType": "host",
                  "props": Object {
                    "children": <WeekdayBoxes
                      section={
                        Section {
                          "classId": "1210",
                          "crn": "13502",
                          "host": "neu.edu",
                          "lastUpdateTime": 1511131914029,
                          "meetings": Array [
                            Meeting {
                              "endDate": "2017-12-07T00:00:00.000Z",
                              "profs": Array [
                                "Jennifer Anne Shire",
                              ],
                              "startDate": "2017-09-07T00:00:00.000Z",
                              "times": Array [
                                Array [
                                  Object {
                                    "end": "1970-01-06T11:30:00.000Z",
                                    "start": "1970-01-06T09:50:00.000Z",
                                  },
                                ],
                              ],
                              "where": "Snell Engineering Center 108",
                            },
                          ],
                          "online": false,
                          "seatsCapacity": 19,
                          "seatsRemaining": 0,
                          "subject": "CS",
                          "termId": "201810",
                          "url": "https://wl11gp.neu.edu/udcprod8/bwckschd.p_disp_detail_sched?term_in=201810&crn_in=13502",
                          "waitCapacity": 0,
                          "waitRemaining": 0,
                        }
                      }
                    />,
                    "className": "secondColumn",
                  },
                  "ref": null,
                  "rendered": Object {
                    "instance": null,
                    "key": undefined,
                    "nodeType": "function",
                    "props": Object {
                      "section": Section {
                        "classId": "1210",
                        "crn": "13502",
                        "host": "neu.edu",
                        "lastUpdateTime": 1511131914029,
                        "meetings": Array [
                          Meeting {
                            "endDate": "2017-12-07T00:00:00.000Z",
                            "profs": Array [
                              "Jennifer Anne Shire",
                            ],
                            "startDate": "2017-09-07T00:00:00.000Z",
                            "times": Array [
                              Array [
                                Object {
                                  "end": "1970-01-06T11:30:00.000Z",
                                  "start": "1970-01-06T09:50:00.000Z",
                                },
                              ],
                            ],
                            "where": "Snell Engineering Center 108",
                          },
                        ],
                        "online": false,
                        "seatsCapacity": 19,
                        "seatsRemaining": 0,
                        "subject": "CS",
                        "termId": "201810",
                        "url": "https://wl11gp.neu.edu/udcprod8/bwckschd.p_disp_detail_sched?term_in=201810&crn_in=13502",
                        "waitCapacity": 0,
                        "waitRemaining": 0,
                      },
                    },
                    "ref": null,
                    "rendered": null,
                    "type": [Function],
                  },
                  "type": "td",
                },
              ],
              "type": "tr",
            },
            null,
            Object {
              "instance": null,
              "key": undefined,
              "nodeType": "host",
              "props": Object {
                "children": Array [
                  <td
                    className="firstColumn"
                  >
                    Seats
                  </td>,
                  <td
                    className="secondColumn"
                  >
                    0
                    /
                    19
                     Available
                  </td>,
                ],
                "style": Object {
                  "display": false,
                },
              },
              "ref": null,
              "rendered": Array [
                Object {
                  "instance": null,
                  "key": undefined,
                  "nodeType": "host",
                  "props": Object {
                    "children": "Seats",
                    "className": "firstColumn",
                  },
                  "ref": null,
                  "rendered": "Seats",
                  "type": "td",
                },
                Object {
                  "instance": null,
                  "key": undefined,
                  "nodeType": "host",
                  "props": Object {
                    "children": Array [
                      0,
                      "/",
                      19,
                      " Available",
                    ],
                    "className": "secondColumn",
                  },
                  "ref": null,
                  "rendered": Array [
                    0,
                    "/",
                    19,
                    " Available",
                  ],
                  "type": "td",
                },
              ],
              "type": "tr",
            },
            null,
          ],
          "type": "tbody",
        },
        "type": "table",
      },
    ],
    "type": "div",
  },
  Symbol(enzyme.__nodes__): Array [
    Object {
      "instance": null,
      "key": undefined,
      "nodeType": "host",
      "props": Object {
        "children": Array [
          <div
            className="globe"
          >
            <a
              href="https://wl11gp.neu.edu/udcprod8/bwckschd.p_disp_detail_sched?term_in=201810&crn_in=13502"
              rel="noopener noreferrer"
              target="_blank"
            >
              <img
                alt="link"
                src="file"
              />
            </a>
          </div>,
          <div
            className="mobile-section-title"
          >
            Jennifer Shire @ 9:50 am
          </div>,
          <table>
            <tbody>
              <tr
                className="firstRow"
              >
                <td
                  className="firstColumn"
                >
                  CRN
                </td>
                <td
                  className="secondColumn"
                >
                  13502
                </td>
              </tr>
              <tr>
                <td
                  className="firstColumn"
                >
                  Profs
                </td>
                <td
                  className="secondColumn"
                >
                  Jennifer Anne Shire
                </td>
              </tr>
              <tr
                style={
                  Object {
                    "display": false,
                  }
                }
              >
                <td
                  className="firstColumn"
                >
                  Place
                </td>
                <td
                  className="secondColumn"
                >
                  <LocationLinks
                    section={
                      Section {
                        "classId": "1210",
                        "crn": "13502",
                        "host": "neu.edu",
                        "lastUpdateTime": 1511131914029,
                        "meetings": Array [
                          Meeting {
                            "endDate": "2017-12-07T00:00:00.000Z",
                            "profs": Array [
                              "Jennifer Anne Shire",
                            ],
                            "startDate": "2017-09-07T00:00:00.000Z",
                            "times": Array [
                              Array [
                                Object {
                                  "end": "1970-01-06T11:30:00.000Z",
                                  "start": "1970-01-06T09:50:00.000Z",
                                },
                              ],
                            ],
                            "where": "Snell Engineering Center 108",
                          },
                        ],
                        "online": false,
                        "seatsCapacity": 19,
                        "seatsRemaining": 0,
                        "subject": "CS",
                        "termId": "201810",
                        "url": "https://wl11gp.neu.edu/udcprod8/bwckschd.p_disp_detail_sched?term_in=201810&crn_in=13502",
                        "waitCapacity": 0,
                        "waitRemaining": 0,
                      }
                    }
                  />
                </td>
              </tr>
              <tr
                style={
                  Object {
                    "display": false,
                  }
                }
              >
                <td
                  className="firstColumn"
                >
                  Times
                </td>
                <td
                  className="secondColumn"
                >
                  9:50 - 11:30 am
                </td>
              </tr>
              <tr
                style={
                  Object {
                    "display": false,
                  }
                }
              >
                <td
                  className="firstColumn"
                >
                  Days
                </td>
                <td
                  className="secondColumn"
                >
                  <WeekdayBoxes
                    section={
                      Section {
                        "classId": "1210",
                        "crn": "13502",
                        "host": "neu.edu",
                        "lastUpdateTime": 1511131914029,
                        "meetings": Array [
                          Meeting {
                            "endDate": "2017-12-07T00:00:00.000Z",
                            "profs": Array [
                              "Jennifer Anne Shire",
                            ],
                            "startDate": "2017-09-07T00:00:00.000Z",
                            "times": Array [
                              Array [
                                Object {
                                  "end": "1970-01-06T11:30:00.000Z",
                                  "start": "1970-01-06T09:50:00.000Z",
                                },
                              ],
                            ],
                            "where": "Snell Engineering Center 108",
                          },
                        ],
                        "online": false,
                        "seatsCapacity": 19,
                        "seatsRemaining": 0,
                        "subject": "CS",
                        "termId": "201810",
                        "url": "https://wl11gp.neu.edu/udcprod8/bwckschd.p_disp_detail_sched?term_in=201810&crn_in=13502",
                        "waitCapacity": 0,
                        "waitRemaining": 0,
                      }
                    }
                  />
                </td>
              </tr>
              <tr
                style={
                  Object {
                    "display": false,
                  }
                }
              >
                <td
                  className="firstColumn"
                >
                  Seats
                </td>
                <td
                  className="secondColumn"
                >
                  0
                  /
                  19
                   Available
                </td>
              </tr>
            </tbody>
          </table>,
        ],
        "className": "section-container",
      },
      "ref": null,
      "rendered": Array [
        Object {
          "instance": null,
          "key": undefined,
          "nodeType": "host",
          "props": Object {
            "children": <a
              href="https://wl11gp.neu.edu/udcprod8/bwckschd.p_disp_detail_sched?term_in=201810&crn_in=13502"
              rel="noopener noreferrer"
              target="_blank"
            >
              <img
                alt="link"
                src="file"
              />
            </a>,
            "className": "globe",
          },
          "ref": null,
          "rendered": Object {
            "instance": null,
            "key": undefined,
            "nodeType": "host",
            "props": Object {
              "children": <img
                alt="link"
                src="file"
              />,
              "href": "https://wl11gp.neu.edu/udcprod8/bwckschd.p_disp_detail_sched?term_in=201810&crn_in=13502",
              "rel": "noopener noreferrer",
              "target": "_blank",
            },
            "ref": null,
            "rendered": Object {
              "instance": null,
              "key": undefined,
              "nodeType": "host",
              "props": Object {
                "alt": "link",
                "src": "file",
              },
              "ref": null,
              "rendered": null,
              "type": "img",
            },
            "type": "a",
          },
          "type": "div",
        },
        Object {
          "instance": null,
          "key": undefined,
          "nodeType": "host",
          "props": Object {
            "children": "Jennifer Shire @ 9:50 am",
            "className": "mobile-section-title",
          },
          "ref": null,
          "rendered": "Jennifer Shire @ 9:50 am",
          "type": "div",
        },
        Object {
          "instance": null,
          "key": undefined,
          "nodeType": "host",
          "props": Object {
            "children": <tbody>
              <tr
                className="firstRow"
              >
                <td
                  className="firstColumn"
                >
                  CRN
                </td>
                <td
                  className="secondColumn"
                >
                  13502
                </td>
              </tr>
              <tr>
                <td
                  className="firstColumn"
                >
                  Profs
                </td>
                <td
                  className="secondColumn"
                >
                  Jennifer Anne Shire
                </td>
              </tr>
              <tr
                style={
                  Object {
                    "display": false,
                  }
                }
              >
                <td
                  className="firstColumn"
                >
                  Place
                </td>
                <td
                  className="secondColumn"
                >
                  <LocationLinks
                    section={
                      Section {
                        "classId": "1210",
                        "crn": "13502",
                        "host": "neu.edu",
                        "lastUpdateTime": 1511131914029,
                        "meetings": Array [
                          Meeting {
                            "endDate": "2017-12-07T00:00:00.000Z",
                            "profs": Array [
                              "Jennifer Anne Shire",
                            ],
                            "startDate": "2017-09-07T00:00:00.000Z",
                            "times": Array [
                              Array [
                                Object {
                                  "end": "1970-01-06T11:30:00.000Z",
                                  "start": "1970-01-06T09:50:00.000Z",
                                },
                              ],
                            ],
                            "where": "Snell Engineering Center 108",
                          },
                        ],
                        "online": false,
                        "seatsCapacity": 19,
                        "seatsRemaining": 0,
                        "subject": "CS",
                        "termId": "201810",
                        "url": "https://wl11gp.neu.edu/udcprod8/bwckschd.p_disp_detail_sched?term_in=201810&crn_in=13502",
                        "waitCapacity": 0,
                        "waitRemaining": 0,
                      }
                    }
                  />
                </td>
              </tr>
              <tr
                style={
                  Object {
                    "display": false,
                  }
                }
              >
                <td
                  className="firstColumn"
                >
                  Times
                </td>
                <td
                  className="secondColumn"
                >
                  9:50 - 11:30 am
                </td>
              </tr>
              <tr
                style={
                  Object {
                    "display": false,
                  }
                }
              >
                <td
                  className="firstColumn"
                >
                  Days
                </td>
                <td
                  className="secondColumn"
                >
                  <WeekdayBoxes
                    section={
                      Section {
                        "classId": "1210",
                        "crn": "13502",
                        "host": "neu.edu",
                        "lastUpdateTime": 1511131914029,
                        "meetings": Array [
                          Meeting {
                            "endDate": "2017-12-07T00:00:00.000Z",
                            "profs": Array [
                              "Jennifer Anne Shire",
                            ],
                            "startDate": "2017-09-07T00:00:00.000Z",
                            "times": Array [
                              Array [
                                Object {
                                  "end": "1970-01-06T11:30:00.000Z",
                                  "start": "1970-01-06T09:50:00.000Z",
                                },
                              ],
                            ],
                            "where": "Snell Engineering Center 108",
                          },
                        ],
                        "online": false,
                        "seatsCapacity": 19,
                        "seatsRemaining": 0,
                        "subject": "CS",
                        "termId": "201810",
                        "url": "https://wl11gp.neu.edu/udcprod8/bwckschd.p_disp_detail_sched?term_in=201810&crn_in=13502",
                        "waitCapacity": 0,
                        "waitRemaining": 0,
                      }
                    }
                  />
                </td>
              </tr>
              <tr
                style={
                  Object {
                    "display": false,
                  }
                }
              >
                <td
                  className="firstColumn"
                >
                  Seats
                </td>
                <td
                  className="secondColumn"
                >
                  0
                  /
                  19
                   Available
                </td>
              </tr>
            </tbody>,
          },
          "ref": null,
          "rendered": Object {
            "instance": null,
            "key": undefined,
            "nodeType": "host",
            "props": Object {
              "children": Array [
                <tr
                  className="firstRow"
                >
                  <td
                    className="firstColumn"
                  >
                    CRN
                  </td>
                  <td
                    className="secondColumn"
                  >
                    13502
                  </td>
                </tr>,
                null,
                <tr>
                  <td
                    className="firstColumn"
                  >
                    Profs
                  </td>
                  <td
                    className="secondColumn"
                  >
                    Jennifer Anne Shire
                  </td>
                </tr>,
                <tr
                  style={
                    Object {
                      "display": false,
                    }
                  }
                >
                  <td
                    className="firstColumn"
                  >
                    Place
                  </td>
                  <td
                    className="secondColumn"
                  >
                    <LocationLinks
                      section={
                        Section {
                          "classId": "1210",
                          "crn": "13502",
                          "host": "neu.edu",
                          "lastUpdateTime": 1511131914029,
                          "meetings": Array [
                            Meeting {
                              "endDate": "2017-12-07T00:00:00.000Z",
                              "profs": Array [
                                "Jennifer Anne Shire",
                              ],
                              "startDate": "2017-09-07T00:00:00.000Z",
                              "times": Array [
                                Array [
                                  Object {
                                    "end": "1970-01-06T11:30:00.000Z",
                                    "start": "1970-01-06T09:50:00.000Z",
                                  },
                                ],
                              ],
                              "where": "Snell Engineering Center 108",
                            },
                          ],
                          "online": false,
                          "seatsCapacity": 19,
                          "seatsRemaining": 0,
                          "subject": "CS",
                          "termId": "201810",
                          "url": "https://wl11gp.neu.edu/udcprod8/bwckschd.p_disp_detail_sched?term_in=201810&crn_in=13502",
                          "waitCapacity": 0,
                          "waitRemaining": 0,
                        }
                      }
                    />
                  </td>
                </tr>,
                <tr
                  style={
                    Object {
                      "display": false,
                    }
                  }
                >
                  <td
                    className="firstColumn"
                  >
                    Times
                  </td>
                  <td
                    className="secondColumn"
                  >
                    9:50 - 11:30 am
                  </td>
                </tr>,
                <tr
                  style={
                    Object {
                      "display": false,
                    }
                  }
                >
                  <td
                    className="firstColumn"
                  >
                    Days
                  </td>
                  <td
                    className="secondColumn"
                  >
                    <WeekdayBoxes
                      section={
                        Section {
                          "classId": "1210",
                          "crn": "13502",
                          "host": "neu.edu",
                          "lastUpdateTime": 1511131914029,
                          "meetings": Array [
                            Meeting {
                              "endDate": "2017-12-07T00:00:00.000Z",
                              "profs": Array [
                                "Jennifer Anne Shire",
                              ],
                              "startDate": "2017-09-07T00:00:00.000Z",
                              "times": Array [
                                Array [
                                  Object {
                                    "end": "1970-01-06T11:30:00.000Z",
                                    "start": "1970-01-06T09:50:00.000Z",
                                  },
                                ],
                              ],
                              "where": "Snell Engineering Center 108",
                            },
                          ],
                          "online": false,
                          "seatsCapacity": 19,
                          "seatsRemaining": 0,
                          "subject": "CS",
                          "termId": "201810",
                          "url": "https://wl11gp.neu.edu/udcprod8/bwckschd.p_disp_detail_sched?term_in=201810&crn_in=13502",
                          "waitCapacity": 0,
                          "waitRemaining": 0,
                        }
                      }
                    />
                  </td>
                </tr>,
                null,
                <tr
                  style={
                    Object {
                      "display": false,
                    }
                  }
                >
                  <td
                    className="firstColumn"
                  >
                    Seats
                  </td>
                  <td
                    className="secondColumn"
                  >
                    0
                    /
                    19
                     Available
                  </td>
                </tr>,
                null,
              ],
            },
            "ref": null,
            "rendered": Array [
              Object {
                "instance": null,
                "key": undefined,
                "nodeType": "host",
                "props": Object {
                  "children": Array [
                    <td
                      className="firstColumn"
                    >
                      CRN
                    </td>,
                    <td
                      className="secondColumn"
                    >
                      13502
                    </td>,
                  ],
                  "className": "firstRow",
                },
                "ref": null,
                "rendered": Array [
                  Object {
                    "instance": null,
                    "key": undefined,
                    "nodeType": "host",
                    "props": Object {
                      "children": "CRN",
                      "className": "firstColumn",
                    },
                    "ref": null,
                    "rendered": "CRN",
                    "type": "td",
                  },
                  Object {
                    "instance": null,
                    "key": undefined,
                    "nodeType": "host",
                    "props": Object {
                      "children": "13502",
                      "className": "secondColumn",
                    },
                    "ref": null,
                    "rendered": "13502",
                    "type": "td",
                  },
                ],
                "type": "tr",
              },
              null,
              Object {
                "instance": null,
                "key": undefined,
                "nodeType": "host",
                "props": Object {
                  "children": Array [
                    <td
                      className="firstColumn"
                    >
                      Profs
                    </td>,
                    <td
                      className="secondColumn"
                    >
                      Jennifer Anne Shire
                    </td>,
                  ],
                },
                "ref": null,
                "rendered": Array [
                  Object {
                    "instance": null,
                    "key": undefined,
                    "nodeType": "host",
                    "props": Object {
                      "children": "Profs",
                      "className": "firstColumn",
                    },
                    "ref": null,
                    "rendered": "Profs",
                    "type": "td",
                  },
                  Object {
                    "instance": null,
                    "key": undefined,
                    "nodeType": "host",
                    "props": Object {
                      "children": "Jennifer Anne Shire",
                      "className": "secondColumn",
                    },
                    "ref": null,
                    "rendered": "Jennifer Anne Shire",
                    "type": "td",
                  },
                ],
                "type": "tr",
              },
              Object {
                "instance": null,
                "key": undefined,
                "nodeType": "host",
                "props": Object {
                  "children": Array [
                    <td
                      className="firstColumn"
                    >
                      Place
                    </td>,
                    <td
                      className="secondColumn"
                    >
                      <LocationLinks
                        section={
                          Section {
                            "classId": "1210",
                            "crn": "13502",
                            "host": "neu.edu",
                            "lastUpdateTime": 1511131914029,
                            "meetings": Array [
                              Meeting {
                                "endDate": "2017-12-07T00:00:00.000Z",
                                "profs": Array [
                                  "Jennifer Anne Shire",
                                ],
                                "startDate": "2017-09-07T00:00:00.000Z",
                                "times": Array [
                                  Array [
                                    Object {
                                      "end": "1970-01-06T11:30:00.000Z",
                                      "start": "1970-01-06T09:50:00.000Z",
                                    },
                                  ],
                                ],
                                "where": "Snell Engineering Center 108",
                              },
                            ],
                            "online": false,
                            "seatsCapacity": 19,
                            "seatsRemaining": 0,
                            "subject": "CS",
                            "termId": "201810",
                            "url": "https://wl11gp.neu.edu/udcprod8/bwckschd.p_disp_detail_sched?term_in=201810&crn_in=13502",
                            "waitCapacity": 0,
                            "waitRemaining": 0,
                          }
                        }
                      />
                    </td>,
                  ],
                  "style": Object {
                    "display": false,
                  },
                },
                "ref": null,
                "rendered": Array [
                  Object {
                    "instance": null,
                    "key": undefined,
                    "nodeType": "host",
                    "props": Object {
                      "children": "Place",
                      "className": "firstColumn",
                    },
                    "ref": null,
                    "rendered": "Place",
                    "type": "td",
                  },
                  Object {
                    "instance": null,
                    "key": undefined,
                    "nodeType": "host",
                    "props": Object {
                      "children": <LocationLinks
                        section={
                          Section {
                            "classId": "1210",
                            "crn": "13502",
                            "host": "neu.edu",
                            "lastUpdateTime": 1511131914029,
                            "meetings": Array [
                              Meeting {
                                "endDate": "2017-12-07T00:00:00.000Z",
                                "profs": Array [
                                  "Jennifer Anne Shire",
                                ],
                                "startDate": "2017-09-07T00:00:00.000Z",
                                "times": Array [
                                  Array [
                                    Object {
                                      "end": "1970-01-06T11:30:00.000Z",
                                      "start": "1970-01-06T09:50:00.000Z",
                                    },
                                  ],
                                ],
                                "where": "Snell Engineering Center 108",
                              },
                            ],
                            "online": false,
                            "seatsCapacity": 19,
                            "seatsRemaining": 0,
                            "subject": "CS",
                            "termId": "201810",
                            "url": "https://wl11gp.neu.edu/udcprod8/bwckschd.p_disp_detail_sched?term_in=201810&crn_in=13502",
                            "waitCapacity": 0,
                            "waitRemaining": 0,
                          }
                        }
                      />,
                      "className": "secondColumn",
                    },
                    "ref": null,
                    "rendered": Object {
                      "instance": null,
                      "key": undefined,
                      "nodeType": "function",
                      "props": Object {
                        "section": Section {
                          "classId": "1210",
                          "crn": "13502",
                          "host": "neu.edu",
                          "lastUpdateTime": 1511131914029,
                          "meetings": Array [
                            Meeting {
                              "endDate": "2017-12-07T00:00:00.000Z",
                              "profs": Array [
                                "Jennifer Anne Shire",
                              ],
                              "startDate": "2017-09-07T00:00:00.000Z",
                              "times": Array [
                                Array [
                                  Object {
                                    "end": "1970-01-06T11:30:00.000Z",
                                    "start": "1970-01-06T09:50:00.000Z",
                                  },
                                ],
                              ],
                              "where": "Snell Engineering Center 108",
                            },
                          ],
                          "online": false,
                          "seatsCapacity": 19,
                          "seatsRemaining": 0,
                          "subject": "CS",
                          "termId": "201810",
                          "url": "https://wl11gp.neu.edu/udcprod8/bwckschd.p_disp_detail_sched?term_in=201810&crn_in=13502",
                          "waitCapacity": 0,
                          "waitRemaining": 0,
                        },
                      },
                      "ref": null,
                      "rendered": null,
                      "type": [Function],
                    },
                    "type": "td",
                  },
                ],
                "type": "tr",
              },
              Object {
                "instance": null,
                "key": undefined,
                "nodeType": "host",
                "props": Object {
                  "children": Array [
                    <td
                      className="firstColumn"
                    >
                      Times
                    </td>,
                    <td
                      className="secondColumn"
                    >
                      9:50 - 11:30 am
                    </td>,
                  ],
                  "style": Object {
                    "display": false,
                  },
                },
                "ref": null,
                "rendered": Array [
                  Object {
                    "instance": null,
                    "key": undefined,
                    "nodeType": "host",
                    "props": Object {
                      "children": "Times",
                      "className": "firstColumn",
                    },
                    "ref": null,
                    "rendered": "Times",
                    "type": "td",
                  },
                  Object {
                    "instance": null,
                    "key": undefined,
                    "nodeType": "host",
                    "props": Object {
                      "children": "9:50 - 11:30 am",
                      "className": "secondColumn",
                    },
                    "ref": null,
                    "rendered": "9:50 - 11:30 am",
                    "type": "td",
                  },
                ],
                "type": "tr",
              },
              Object {
                "instance": null,
                "key": undefined,
                "nodeType": "host",
                "props": Object {
                  "children": Array [
                    <td
                      className="firstColumn"
                    >
                      Days
                    </td>,
                    <td
                      className="secondColumn"
                    >
                      <WeekdayBoxes
                        section={
                          Section {
                            "classId": "1210",
                            "crn": "13502",
                            "host": "neu.edu",
                            "lastUpdateTime": 1511131914029,
                            "meetings": Array [
                              Meeting {
                                "endDate": "2017-12-07T00:00:00.000Z",
                                "profs": Array [
                                  "Jennifer Anne Shire",
                                ],
                                "startDate": "2017-09-07T00:00:00.000Z",
                                "times": Array [
                                  Array [
                                    Object {
                                      "end": "1970-01-06T11:30:00.000Z",
                                      "start": "1970-01-06T09:50:00.000Z",
                                    },
                                  ],
                                ],
                                "where": "Snell Engineering Center 108",
                              },
                            ],
                            "online": false,
                            "seatsCapacity": 19,
                            "seatsRemaining": 0,
                            "subject": "CS",
                            "termId": "201810",
                            "url": "https://wl11gp.neu.edu/udcprod8/bwckschd.p_disp_detail_sched?term_in=201810&crn_in=13502",
                            "waitCapacity": 0,
                            "waitRemaining": 0,
                          }
                        }
                      />
                    </td>,
                  ],
                  "style": Object {
                    "display": false,
                  },
                },
                "ref": null,
                "rendered": Array [
                  Object {
                    "instance": null,
                    "key": undefined,
                    "nodeType": "host",
                    "props": Object {
                      "children": "Days",
                      "className": "firstColumn",
                    },
                    "ref": null,
                    "rendered": "Days",
                    "type": "td",
                  },
                  Object {
                    "instance": null,
                    "key": undefined,
                    "nodeType": "host",
                    "props": Object {
                      "children": <WeekdayBoxes
                        section={
                          Section {
                            "classId": "1210",
                            "crn": "13502",
                            "host": "neu.edu",
                            "lastUpdateTime": 1511131914029,
                            "meetings": Array [
                              Meeting {
                                "endDate": "2017-12-07T00:00:00.000Z",
                                "profs": Array [
                                  "Jennifer Anne Shire",
                                ],
                                "startDate": "2017-09-07T00:00:00.000Z",
                                "times": Array [
                                  Array [
                                    Object {
                                      "end": "1970-01-06T11:30:00.000Z",
                                      "start": "1970-01-06T09:50:00.000Z",
                                    },
                                  ],
                                ],
                                "where": "Snell Engineering Center 108",
                              },
                            ],
                            "online": false,
                            "seatsCapacity": 19,
                            "seatsRemaining": 0,
                            "subject": "CS",
                            "termId": "201810",
                            "url": "https://wl11gp.neu.edu/udcprod8/bwckschd.p_disp_detail_sched?term_in=201810&crn_in=13502",
                            "waitCapacity": 0,
                            "waitRemaining": 0,
                          }
                        }
                      />,
                      "className": "secondColumn",
                    },
                    "ref": null,
                    "rendered": Object {
                      "instance": null,
                      "key": undefined,
                      "nodeType": "function",
                      "props": Object {
                        "section": Section {
                          "classId": "1210",
                          "crn": "13502",
                          "host": "neu.edu",
                          "lastUpdateTime": 1511131914029,
                          "meetings": Array [
                            Meeting {
                              "endDate": "2017-12-07T00:00:00.000Z",
                              "profs": Array [
                                "Jennifer Anne Shire",
                              ],
                              "startDate": "2017-09-07T00:00:00.000Z",
                              "times": Array [
                                Array [
                                  Object {
                                    "end": "1970-01-06T11:30:00.000Z",
                                    "start": "1970-01-06T09:50:00.000Z",
                                  },
                                ],
                              ],
                              "where": "Snell Engineering Center 108",
                            },
                          ],
                          "online": false,
                          "seatsCapacity": 19,
                          "seatsRemaining": 0,
                          "subject": "CS",
                          "termId": "201810",
                          "url": "https://wl11gp.neu.edu/udcprod8/bwckschd.p_disp_detail_sched?term_in=201810&crn_in=13502",
                          "waitCapacity": 0,
                          "waitRemaining": 0,
                        },
                      },
                      "ref": null,
                      "rendered": null,
                      "type": [Function],
                    },
                    "type": "td",
                  },
                ],
                "type": "tr",
              },
              null,
              Object {
                "instance": null,
                "key": undefined,
                "nodeType": "host",
                "props": Object {
                  "children": Array [
                    <td
                      className="firstColumn"
                    >
                      Seats
                    </td>,
                    <td
                      className="secondColumn"
                    >
                      0
                      /
                      19
                       Available
                    </td>,
                  ],
                  "style": Object {
                    "display": false,
                  },
                },
                "ref": null,
                "rendered": Array [
                  Object {
                    "instance": null,
                    "key": undefined,
                    "nodeType": "host",
                    "props": Object {
                      "children": "Seats",
                      "className": "firstColumn",
                    },
                    "ref": null,
                    "rendered": "Seats",
                    "type": "td",
                  },
                  Object {
                    "instance": null,
                    "key": undefined,
                    "nodeType": "host",
                    "props": Object {
                      "children": Array [
                        0,
                        "/",
                        19,
                        " Available",
                      ],
                      "className": "secondColumn",
                    },
                    "ref": null,
                    "rendered": Array [
                      0,
                      "/",
                      19,
                      " Available",
                    ],
                    "type": "td",
                  },
                ],
                "type": "tr",
              },
              null,
            ],
            "type": "tbody",
          },
          "type": "table",
        },
      ],
      "type": "div",
    },
  ],
  Symbol(enzyme.__options__): Object {
    "adapter": ReactSixteenAdapter {
      "options": Object {
        "enableComponentDidUpdateOnSetState": true,
        "lifecycles": Object {
          "componentDidUpdate": Object {
            "onSetState": true,
          },
          "getDerivedStateFromProps": true,
          "getSnapshotBeforeUpdate": true,
          "setState": Object {
            "skipsComponentDidUpdateOnNullish": true,
          },
        },
      },
    },
  },
}
`;
