// Jest Snapshot v1, https://goo.gl/fbAQLP

exports[`render the default notification checkbox 1`] = `
<Checkbox
  checked={false}
  onChange={[Function]}
  toggle={true}
  type="checkbox"
/>
`;

exports[`render the read only notification checkbox 1`] = `
<Checkbox
  checked={false}
  onChange={[Function]}
  toggle={true}
  type="checkbox"
/>
`;
