// Jest Snapshot v1, https://goo.gl/fbAQLP

exports[`parseDetails should work 1`] = `
Object {
  "advisorName": "Allison Cockshaw-Betsold",
  "audience": "Undergraduate",
  "category": "Performing Arts",
  "description": "The Northeastern University Pep Band plays at men's and women's hockey, basketball, soccer, and volleyball home games along with other special events on campus and in the surrounding community.",
  "facebookPage": Array [
    "https://www.facebook.com/pages/NU-Pep-Band/",
  ],
  "instagram": "instagram.com/gonupepband",
  "meetingDay": "Council Meetings: Alternating Sundays, Rehearsals: Selected Mondays",
  "meetingLocation": "Council Meetings: See Calendar, Rehearsals: Fenway Center",
  "meetingTime": "Council Meetings: 5:00p - 7:00p, Rehearsals: 8:30p - 10:00p",
  "name": "NU Pep Band",
  "officelocation": "146 CSC",
  "orgPortalLink": "https://orgsync.com/27725/chapter",
  "organizationMissionStatement": "The purpose of this organization shall be to serve the entire Northeastern University community through its support of the athletic teams and through its participation in non-athletic University and community events.",
  "organizationemailaddress": Array [
    "nupepband@gmail.com",
  ],
  "presidentName": "C. Justin Brown",
  "site": "http://www.northeastern.edu/pepband/",
  "treasurerName": "Amy Sevigny",
  "twitterHandle": Array [
    "https://twitter.com/gonupepband",
  ],
}
`;

exports[`parseLetterAndPage should work 1`] = `
Array [
  "http://neu.orgsync.com/show_profile/30932-student-activities-business-office-campus-resource",
  "http://neu.orgsync.com/show_profile/61469-student-academy-of-audiology",
  "http://neu.orgsync.com/show_profile/27977-strong-women-strong-girls",
  "http://neu.orgsync.com/show_profile/67151-stepping-on-another-level",
  "http://neu.orgsync.com/show_profile/127720-stemout",
  "http://neu.orgsync.com/show_profile/135212-spoon-university-northeastern",
  "http://neu.orgsync.com/show_profile/63104-spinning-arts-club",
  "http://neu.orgsync.com/show_profile/27997-spectrum-literary-arts-magazine",
  "http://neu.orgsync.com/show_profile/79680-somali-students-association",
  "http://neu.orgsync.com/show_profile/33253-sojourn-christian-collegiate-ministry-neu",
  "http://neu.orgsync.com/show_profile/27983-society-of-women-engineers",
  "http://neu.orgsync.com/show_profile/124721-society-of-physics-students",
  "http://neu.orgsync.com/show_profile/27959-society-of-hispanic-professionals-engineers",
  "http://neu.orgsync.com/show_profile/67847-society-of-asian-scientists-and-engineers",
  "http://neu.orgsync.com/show_profile/28034-social-enterprise-institute-student-association",
  "http://neu.orgsync.com/show_profile/30386-slow-food-nu",
  "http://neu.orgsync.com/show_profile/27817-sinha-capoeira",
  "http://neu.orgsync.com/show_profile/28799-silver-masque",
  "http://neu.orgsync.com/show_profile/27793-sigma-sigma-sigma",
  "http://neu.orgsync.com/show_profile/27960-sigma-phi-epsilon",
  "http://neu.orgsync.com/show_profile/71761-sigma-kappa",
  "http://neu.orgsync.com/show_profile/27853-sigma-delta-tau-gamma-mu",
  "http://neu.orgsync.com/show_profile/27727-sigma-beta-rho-fraternity-inc",
  "http://neu.orgsync.com/show_profile/145923-sexual-assault-response-coalition",
  "http://neu.orgsync.com/show_profile/145821-senior-legacy-committee-campus-resource",
  "http://neu.orgsync.com/show_profile/29267-senior-class-events-committee",
  "http://neu.orgsync.com/show_profile/127435-secular-humanist-society",
  "http://neu.orgsync.com/show_profile/97461-scientista",
  "http://neu.orgsync.com/show_profile/29390-saudi-arabian-student-organization",
  "http://neu.orgsync.com/show_profile/32710-sanskriti",
]
`;
