// Jest Snapshot v1, https://goo.gl/fbAQLP

exports[`parseDetailpage 1`] = `
Object {
  "bigPictureLink": "http://www.ccis.northeastern.edu/wp-content/uploads/2016/03/David-Choffnes-hero-image.jpg",
  "googleScholarId": "OG2QONwAAAAJ",
  "office": "440 Huntington Avenue
256 West Village H
Boston, MA  02115",
  "personalSite": "http://david.choffnes.com",
}
`;

exports[`should parse all people 1`] = `
Array [
  Object {
    "email": "muzammil@ccs.neu.edu",
    "link": "http://www.ccis.northeastern.edu/people/muzammil-abdul-rehman/",
    "name": "Muzammil Abdul Rehman",
    "positions": Array [
      "PhD Student",
    ],
  },
  Object {
    "email": "s.abramson@northeastern.edu",
    "link": "http://www.ccis.northeastern.edu/people/steven-abramson/",
    "name": "Steven Abramson",
    "positions": Array [
      "Part-Time Lecturer",
    ],
  },
  Object {
    "email": "m.adler@northeastern.edu",
    "link": "http://www.ccis.northeastern.edu/people/micah-adler/",
    "name": "Micah Adler",
    "positions": Array [
      "Part-Time Lecturer",
    ],
  },
  Object {
    "email": "e.aguiar@northeastern.edu",
    "link": "http://www.ccis.northeastern.edu/people/everaldo-marques-de-aguiar-junior/",
    "name": "Everaldo Marques de Aguiar Junior",
    "phone": "2064675480",
    "positions": Array [
      "Part-Time Lecturer - Seattle",
    ],
  },
  Object {
    "email": "amal@ccs.neu.edu",
    "link": "http://www.ccis.northeastern.edu/people/amal-ahmed/",
    "name": "Amal Ahmed",
    "phone": "6173732076",
    "positions": Array [
      "Assistant Professor",
    ],
  },
  Object {
    "email": "ahmed.al@husky.neu.edu",
    "link": "http://www.ccis.northeastern.edu/people/alex-a-ahmed/",
    "name": "Alex A. Ahmed",
    "positions": Array [
      "PhD Student",
    ],
  },
  Object {
    "email": "camato@ccs.neu.edu",
    "link": "http://www.ccis.northeastern.edu/people/chris-amato/",
    "name": "Christopher Amato",
    "positions": Array [
      "Assistant Professor",
    ],
  },
  Object {
    "email": "aliiaminian@ccs.neu.edu",
    "link": "http://www.ccis.northeastern.edu/people/ali-aminian/",
    "name": "Ali Aminian",
    "positions": Array [
      "PhD Student",
    ],
  },
  Object {
    "email": "ghitamor@ccs.neu.edu",
    "link": "http://www.ccis.northeastern.edu/people/ghita-amor-tijani/",
    "name": "Ghita Amor-Tijani",
    "phone": "6173736293",
    "positions": Array [
      "Lecturer",
    ],
  },
  Object {
    "link": "http://www.ccis.northeastern.edu/people/kevin-amorin/",
    "name": "Kevin Amorin",
    "positions": Array [
      "Part-Time Lecturer",
    ],
  },
  Object {
    "email": "leif@ccs.neu.edu",
    "link": "http://www.ccis.northeastern.edu/people/leif-anderson/",
    "name": "Leif Andersen",
    "positions": Array [
      "PhD Student",
    ],
  },
  Object {
    "email": "jesse@ccs.neu.edu",
    "link": "http://www.ccis.northeastern.edu/people/jesse-anderton/",
    "name": "Jesse Anderton",
    "positions": Array [
      "PhD Student",
    ],
  },
  Object {
    "email": "r.annavajjala@northeastern.edu",
    "link": "http://www.ccis.northeastern.edu/people/ramesh-annavajjala/",
    "name": "Ramesh Annavajjala",
    "positions": Array [
      "Affiliate Research Associate Professor",
    ],
  },
  Object {
    "email": "jga@ccs.neu.edu",
    "link": "http://www.ccis.northeastern.edu/people/jose-annunziato/",
    "name": "Jose Annunziato",
    "phone": "6173736270",
    "positions": Array [
      "Lecturer",
    ],
  },
  Object {
    "email": "t.aronson@northeastern.edu",
    "link": "http://www.ccis.northeastern.edu/people/ted-aronson/",
    "name": "Ted Aronson",
    "positions": Array [
      "Unity Developer",
    ],
  },
  Object {
    "email": "arshad@ccs.neu.edu",
    "link": "http://www.ccis.northeastern.edu/people/sajjad-arshad/",
    "name": "Sajjad Arshad",
    "positions": Array [
      "PhD Student",
    ],
  },
  Object {
    "email": "k.arya@northeastern.edu",
    "link": "http://www.ccis.northeastern.edu/people/kapil-arya/",
    "name": "Kapil Arya",
    "phone": "6173732652",
    "positions": Array [
      "Lecturer",
    ],
  },
  Object {
    "email": "asadi@ccs.neu.edu",
    "link": "http://www.ccis.northeastern.edu/people/reza-asadi/",
    "name": "Reza Asadi",
    "positions": Array [
      "PhD Student",
    ],
  },
  Object {
    "email": "jaa@ccs.neu.edu",
    "link": "http://www.ccis.northeastern.edu/people/jay-javed-aslam/",
    "name": "Javed Aslam",
    "phone": "6173738169",
    "positions": Array [
      "Professor",
      "Associate Dean of Faculty & Research",
    ],
  },
  Object {
    "email": "konathan@ccs.neu.edu",
    "link": "http://www.ccis.northeastern.edu/people/konstantinos-athanasiou/",
    "name": "Konstantinos Athanasiou",
    "positions": Array [
      "PhD Student",
    ],
  },
  Object {
    "email": "azizm@ccs.neu.edu",
    "link": "http://www.ccis.northeastern.edu/people/maryam-aziz/",
    "name": "Maryam Aziz",
    "positions": Array [
      "PhD Student",
    ],
  },
  Object {
    "email": "k.baclawski@northeastern.edu",
    "link": "http://www.ccis.northeastern.edu/people/kenneth-baclawski/",
    "name": "Kenneth Baclawski",
    "phone": "6173734631",
    "positions": Array [
      "Associate Professor",
    ],
  },
  Object {
    "email": "ebanner@ccs.neu.edu",
    "link": "http://www.ccis.northeastern.edu/people/edward-banner/",
    "name": "Edward Banner",
    "positions": Array [
      "PhD Student",
    ],
  },
  Object {
    "email": "alb@northeastern.edu",
    "link": "http://www.ccis.northeastern.edu/people/albert-laszlo-barabasi/",
    "name": "Albert-László Barabási",
    "phone": "6173737774",
    "positions": Array [
      "Robert Gray Dodge Professor of Network Science",
      "Distinguished University Professor",
      "Interdisciplinary with College of Science",
    ],
  },
  Object {
    "email": "barrasso.w@husky.neu.edu",
    "link": "http://www.ccis.northeastern.edu/people/william-barrasso/",
    "name": "William Barrasso",
    "positions": Array [
      "PhD Student",
    ],
  },
  Object {
    "email": "m.barry@northeastern.edu",
    "link": "http://www.ccis.northeastern.edu/people/megan-barry/",
    "name": "Megan Barry",
    "positions": Array [
      "Associate Director - Graduate Students Services (PhD & ALIGN)",
    ],
  },
  Object {
    "email": "eli@ccs.neu.edu",
    "link": "http://www.ccis.northeastern.edu/people/eli-barzilay/",
    "name": "Eli Barzilay",
    "positions": Array [
      "Part-Time Lecturer",
    ],
  },
  Object {
    "email": "ahmad@ccs.neu.edu",
    "link": "http://www.ccis.northeastern.edu/people/muhammad-bashir/",
    "name": "Muhammad Bashir",
    "positions": Array [
      "PhD Student",
    ],
  },
  Object {
    "email": "hridam@ccs.neu.edu",
    "link": "http://www.ccis.northeastern.edu/people/hridam-basu/",
    "name": "Hridam Basu",
    "positions": Array [
      "PhD Student",
    ],
  },
  Object {
    "email": "n.bekerian@northeastern.edu",
    "link": "http://www.ccis.northeastern.edu/people/nicole-bekerian/",
    "name": "Nicole Bekerian",
    "phone": "6173736841",
    "positions": Array [
      "Assistant Director - Marketing and Event Management",
    ],
  },
  Object {
    "email": "j.belmonte@northeastern.edu",
    "link": "http://www.ccis.northeastern.edu/people/jan-belmonte/",
    "name": "Jan Belmonte",
    "phone": "6173735204",
    "positions": Array [
      "Executive Assistant",
    ],
  },
  Object {
    "email": "k.bemis@northeastern.edu",
    "link": "http://www.ccis.northeastern.edu/people/kylie-ariel-bemis/",
    "name": "Kylie Ariel Bemis",
    "positions": Array [
      "Future Faculty Fellow",
    ],
  },
  Object {
    "email": "z.berwaldt@northeastern.edu",
    "link": "http://www.ccis.northeastern.edu/people/zachary-berwaldt/",
    "name": "Zachary Berwaldt",
    "positions": Array [
      "Animator",
    ],
  },
  Object {
    "email": "s.bhadra@northeaster.edu",
    "link": "http://www.ccis.northeastern.edu/people/sahely-bhadra/",
    "name": "Sahely Bhadra",
    "positions": Array [
      "Postdoctoral Research Associate",
    ],
  },
  Object {
    "email": "bickmore@ccs.neu.edu",
    "link": "http://www.ccis.northeastern.edu/people/timothy-bickmore/",
    "name": "Timothy W. Bickmore",
    "phone": "6173735477",
    "positions": Array [
      "Professor",
    ],
  },
  Object {
    "email": "j.biron@northeastern.edu",
    "link": "http://www.ccis.northeastern.edu/people/jessica-biron/",
    "name": "Jessica Biron",
    "phone": "6173736519",
    "positions": Array [
      "Assistant Director - Undergraduate Programs",
    ],
  },
  Object {
    "email": "j.blanco@northeastern.edu",
    "link": "http://www.ccis.northeastern.edu/people/juliet-blanco/",
    "name": "Juliet Blanco",
    "positions": Array [
      "Senior Grants Administrator - Network Science Institute",
    ],
  },
  Object {
    "email": "block.k@husky.neu.edu",
    "link": "http://www.ccis.northeastern.edu/people/ken-block/",
    "name": "Ken Block",
    "positions": Array [
      "PhD Student",
    ],
  },
  Object {
    "email": "t.bonaci@neu.edu",
    "link": "http://www.ccis.northeastern.edu/people/tamara-bonaci/",
    "name": "Tamara Bonaci",
    "positions": Array [
      "Part-Time Lecturer - Seattle",
    ],
  },
  Object {
    "email": "e.booker@northeastern.edu",
    "link": "http://www.ccis.northeastern.edu/people/elton-booker/",
    "name": "Elton Booker",
    "positions": Array [
      "Part-Time Lecturer",
    ],
  },
  Object {
    "email": "m.borkin@northeastern.edu",
    "link": "http://www.ccis.northeastern.edu/people/michelle-borkin/",
    "name": "Michelle Borkin",
    "phone": "6173736355",
    "positions": Array [
      "Assistant Professor",
    ],
  },
  Object {
    "email": "k.boudreau@northeastern.edu",
    "link": "http://www.ccis.northeastern.edu/people/kevin-boudreau/",
    "name": "Kevin Boudreau",
    "phone": "6173733241",
    "positions": Array [
      "Associate Professor of Entrepreneurship and Innovation",
      "CCIS Courtesy Appointment",
    ],
  },
  Object {
    "email": "wilbowma@ccs.neu.edu",
    "link": "http://www.ccis.northeastern.edu/people/william-j-bowman/",
    "name": "William J. Bowman",
    "positions": Array [
      "PhD Student",
    ],
  },
  Object {
    "email": "d.brem@northeastern.edu",
    "link": "http://www.ccis.northeastern.edu/people/daniel-brem/",
    "name": "Daniel Brem",
    "phone": "6173737946",
    "positions": Array [
      "Assistant Director - Administration, Budget & Data Analysis",
    ],
  },
  Object {
    "email": "brodeurd@ccs.neu.edu",
    "link": "http://www.ccis.northeastern.edu/people/derek-brodeur/",
    "name": "Derek Brodeur",
    "positions": Array [
      "Part-Time Lecturer",
    ],
  },
  Object {
    "email": "c.brodley@northeastern.edu",
    "link": "http://www.ccis.northeastern.edu/people/carla-brodley/",
    "name": "Carla E. Brodley",
    "phone": "6173735204",
    "positions": Array [
      "Dean - College of Computer and Information Science",
      "Professor",
    ],
  },
  Object {
    "email": "nik@ccs.neu.edu",
    "link": "http://www.ccis.northeastern.edu/people/nicholas-brown/",
    "name": "Nicholas Brown",
    "phone": "6173735621",
    "positions": Array [
      "Lecturer",
    ],
  },
  Object {
    "email": "j.buck@northeastern.edu",
    "link": "http://www.ccis.northeastern.edu/people/joe-buck/",
    "name": "Joe Buck",
    "phone": "2064675480",
    "positions": Array [
      "Part-Time Lecturer - Seattle",
    ],
  },
  Object {
    "email": "j.burwell@northeastern.edu",
    "link": "http://www.ccis.northeastern.edu/people/jaliza-burwell/",
    "name": "Jaliza Burwell",
    "phone": "6173732462",
    "positions": Array [
      "Administrative Assistant",
    ],
  },
  Object {
    "email": "bkayhan@ccs.neu.edu",
    "link": "http://www.ccis.northeastern.edu/people/ahmet-salih-buyukkayhan/",
    "name": "Ahmet Salih Buyukkayhan",
    "positions": Array [
      "PhD Student",
    ],
  },
  Object {
    "email": "samc@ccs.neu.edu",
    "link": "http://www.ccis.northeastern.edu/people/samuel-caldwell/",
    "name": "Samuel Caldwell",
    "positions": Array [
      "PhD Student",
    ],
  },
  Object {
    "email": "jiajun@ccs.neu.edu",
    "link": "http://www.ccis.northeastern.edu/people/jiajun-cao/",
    "name": "Jiajun Cao",
    "positions": Array [
      "PhD Student",
    ],
  },
  Object {
    "email": "elin@ccs.neu.edu",
    "link": "http://www.ccis.northeastern.edu/people/elin-carstensdottir/",
    "name": "Elin Carstensdottir",
    "positions": Array [
      "PhD Student",
    ],
  },
  Object {
    "email": "S.cengic@northeastern.edu",
    "link": "http://www.ccis.northeastern.edu/people/smajl-cengic/",
    "name": "Smajl Cengic",
    "phone": "6173736322",
    "positions": Array [
      "Assistant Co-op Coordinator",
    ],
  },
  Object {
    "email": "ahchan@ccs.neu.edu",
    "link": "http://www.ccis.northeastern.edu/people/agnes-chan/",
    "name": "Agnes H. Chan",
    "phone": "6173732390",
    "positions": Array [
      "Professor",
      "Executive Director of Cybersecurity Programs",
    ],
  },
  Object {
    "email": "stchang@ccs.neu.edu",
    "link": "http://www.ccis.northeastern.edu/people/stephen-chang/",
    "name": "Stephen Chang",
    "positions": Array [
      "Associate Research Scientist",
    ],
  },
  Object {
    "email": "leonchen@ccs.neu.edu",
    "link": "http://www.ccis.northeastern.edu/people/le-chen/",
    "name": "Le Chen",
    "positions": Array [
      "PhD Student",
    ],
  },
  Object {
    "email": "czxttkl@ccs.neu.edu",
    "link": "http://www.ccis.northeastern.edu/people/zhengxing-chen/",
    "name": "Zhengxing Chen",
    "positions": Array [
      "PhD Student",
    ],
  },
  Object {
    "email": "cheu.a@husky.neu.edu",
    "link": "http://www.ccis.northeastern.edu/people/albert-cheu/",
    "name": "Albert Cheu",
    "positions": Array [
      "PhD Student",
    ],
  },
  Object {
    "email": "b.chhay@northeastern.edu",
    "link": "http://www.ccis.northeastern.edu/people/bruce-chhay/",
    "name": "Bruce Chhay",
    "phone": "2064675481",
    "positions": Array [
      "Part-Time Lecturer - Seattle",
    ],
  },
  Object {
    "email": "choffnes@ccs.neu.edu",
    "link": "http://www.ccis.northeastern.edu/people/david-choffnes/",
    "name": "David Choffnes",
    "phone": "6173734239",
    "positions": Array [
      "Assistant Professor",
    ],
  },
  Object {
    "email": "bchung@ccs.neu.edu",
    "link": "http://www.ccis.northeastern.edu/people/benjamin-chung/",
    "name": "Benjamin Chung",
    "positions": Array [
      "PhD Student",
    ],
  },
  Object {
    "email": "t.chung@northeastern.edu",
    "link": "http://www.ccis.northeastern.edu/people/taejoong-chung/",
    "name": "Taejoong Chung",
    "positions": Array [
      "Postdoctoral Research Associate",
    ],
  },
  Object {
    "email": "kclancy@ccs.neu.edu",
    "link": "http://www.ccis.northeastern.edu/people/kevin-clancy/",
    "name": "Kevin Clancy",
    "positions": Array [
      "PhD Student",
    ],
  },
  Object {
    "email": "will@ccs.neu.edu",
    "link": "http://www.ccis.northeastern.edu/people/william-d-clinger/",
    "name": "William D. Clinger",
    "phone": "6173738687",
    "positions": Array [
      "Associate Professor",
    ],
  },
  Object {
    "email": "m.collins@northeastern.edu",
    "link": "http://www.ccis.northeastern.edu/people/martha-collins/",
    "name": "Martha Collins",
    "phone": "6173735341",
    "positions": Array [
      "Grants Administrator",
    ],
  },
  Object {
    "email": "c.collins@northeastern.edu",
    "link": "http://www.ccis.northeastern.edu/people/chase-collins/",
    "name": "Chase Collins",
    "phone": "6173735117",
    "positions": Array [
      "Events Coordinator",
    ],
  },
  Object {
    "email": "scooper@ccs.neu.edu",
    "link": "http://www.ccis.northeastern.edu/people/seth-cooper/",
    "name": "Seth Cooper",
    "phone": "6173732339",
    "positions": Array [
      "Assistant Professor",
    ],
  },
  Object {
    "email": "gene@ccs.neu.edu",
    "link": "http://www.ccis.northeastern.edu/people/gene-cooperman/",
    "name": "Gene Cooperman",
    "phone": "6173738686",
    "positions": Array [
      "Professor",
    ],
  },
  Object {
    "email": "k.coronges@northeastern.edu",
    "link": "http://www.ccis.northeastern.edu/people/kate-coronges/",
    "name": "Kate Coronges",
    "phone": "6173736424",
    "positions": Array [
      "Executive Director - Network Science Institute",
    ],
  },
  Object {
    "email": "scortes@ccs.neu.edu",
    "link": "http://www.ccis.northeastern.edu/people/sarah-cortes/",
    "name": "Sarah Cortes",
    "positions": Array [
      "PhD Student",
    ],
  },
  Object {
    "email": "k.courtney@northeastern.edu",
    "link": "http://www.ccis.northeastern.edu/people/kyle-k-courtney/",
    "name": "Kyle K. Courtney",
    "positions": Array [
      "Part-Time Lecturer",
    ],
  },
  Object {
    "email": "ryanc@ccs.neu.edu",
    "link": "http://www.ccis.northeastern.edu/people/ryan-culpepper-2/",
    "name": "Ryan Culpepper",
    "positions": Array [
      "Principal Research Scientist",
    ],
  },
  Object {
    "email": "cumpanasoiu.d@husky.neu.edu",
    "link": "http://www.ccis.northeastern.edu/people/catalina-cumpanasoiu/",
    "name": "Catalina Cumpanasoiu",
    "positions": Array [
      "PhD Student",
    ],
  },
  Object {
    "email": "i.dasilva@northeastern.edu",
    "link": "http://www.ccis.northeastern.edu/people/iuri-dasilva/",
    "name": "Iuri DaSilva",
    "phone": "6173732394",
    "positions": Array [
      "Linux System Administrator",
    ],
  },
  Object {
    "email": "davidson.m@husky.neu.edu",
    "link": "http://www.ccis.northeastern.edu/people/michael-davidson/",
    "name": "Michael Davidson",
    "positions": Array [
      "PhD Student",
    ],
  },
  Object {
    "email": "clara@ccis.neu.edu",
    "link": "http://www.ccis.northeastern.edu/people/clara-de-paolis-kaluza/",
    "name": "Clara De Paolis Kaluza",
    "positions": Array [
      "PhD Student",
    ],
  },
  Object {
    "email": "pjd@ccs.neu.edu",
    "link": "http://www.ccis.northeastern.edu/people/peter-desnoyers/",
    "name": "Peter Desnoyers",
    "phone": "6173738683",
    "positions": Array [
      "Associate Professor",
    ],
  },
  Object {
    "email": "d.difazio@northeastern.edu",
    "link": "http://www.ccis.northeastern.edu/people/danielle-difazio/",
    "name": "Danielle DiFazio",
    "phone": "6173736840",
    "positions": Array [
      "Associate Director - Graduate Student Services",
    ],
  },
  Object {
    "email": "mdippel@ccs.neu.edu",
    "link": "http://www.ccis.northeastern.edu/people/matthew-dippel/",
    "name": "Matthew Dippel",
    "positions": Array [
      "PhD Student",
    ],
  },
  Object {
    "email": "r.donaghy@northeastern.edu",
    "link": "http://www.ccis.northeastern.edu/people/roger-donaghy/",
    "name": "Roger Donaghy",
    "phone": "6173733381",
    "positions": Array [
      "Web Developer",
    ],
  },
  Object {
    "email": "dong.r@ccs.neu.edu",
    "link": "http://www.ccis.northeastern.edu/people/rui-dong/",
    "name": "Rui Dong",
    "positions": Array [
      "PhD Student",
    ],
  },
  Object {
    "email": "sevtap@ccs.neu.edu",
    "link": "http://www.ccis.northeastern.edu/people/sevtap-duman/",
    "name": "Sevtap Duman",
    "positions": Array [
      "PhD Student",
    ],
  },
  Object {
    "email": "c.dunne@northeastern.edu",
    "link": "http://www.ccis.northeastern.edu/people/cody-dunne/",
    "name": "Cody Dunne",
    "phone": "6173738399",
    "positions": Array [
      "Assistant Professor",
    ],
  },
  Object {
    "email": "r.dupont@northeastern.edu",
    "link": "http://www.ccis.northeastern.edu/people/ryan-dupont/",
    "name": "Ryan Dupont",
    "phone": "6173732473",
    "positions": Array [
      "HR Administrator",
    ],
  },
  Object {
    "email": "k.durant@northeastern.edu",
    "link": "http://www.ccis.northeastern.edu/people/kathleen-durant/",
    "name": "Kathleen Durant",
    "phone": "6173732329",
    "positions": Array [
      "Lecturer",
    ],
  },
  Object {
    "email": "jdy@ece.neu.edu",
    "link": "http://www.ccis.northeastern.edu/people/jennifer-dy/",
    "name": "Jennifer Dy",
    "phone": "6173733062",
    "positions": Array [
      "Professor of Electrical and Computer Engineering",
      "CCIS Courtesy Appointment",
    ],
  },
  Object {
    "email": "aidaeh@coe.neu.edu",
    "link": "http://www.ccis.northeastern.edu/people/aida-ehyaei/",
    "name": "Aida Ehyaei",
    "positions": Array [
      "PhD Student",
    ],
  },
  Object {
    "email": "mattea@ccs.neu.edu",
    "link": "http://www.ccis.northeastern.edu/people/matthew-ekstrand-abueg/",
    "name": "Matthew Ekstrand-Abueg",
    "positions": Array [
      "PhD Student",
    ],
  },
  Object {
    "email": "eelhami@ccs.neu.edu",
    "link": "http://www.ccis.northeastern.edu/people/ehsan-elhamifar/",
    "name": "Ehsan Elhamifar",
    "phone": "6173736535",
    "positions": Array [
      "Assistant Professor",
    ],
  },
  Object {
    "email": "eliassi@ccs.neu.edu",
    "link": "http://www.ccis.northeastern.edu/people/tina-eliassi-rad/",
    "name": "Tina Eliassi-Rad",
    "phone": "6173736475",
    "positions": Array [
      "Associate Professor",
    ],
  },
  Object {
    "email": "meller@northeastern.edu",
    "link": "http://www.ccis.northeastern.edu/people/marlin-jay-eller/",
    "name": "Marlin Jay Eller",
    "phone": "2064675480",
    "positions": Array [
      "Part-Time Lecturer - Seattle",
    ],
  },
  Object {
    "email": "m.erickson@northeastern.edu",
    "link": "http://www.ccis.northeastern.edu/people/mark-erickson/",
    "name": "Mark Erickson",
    "phone": "6173733458",
    "positions": Array [
      "Assistant Dean - Advising and Employer Relations",
    ],
  },
  Object {
    "email": "j.ewart@northeastern.edu",
    "link": "http://www.ccis.northeastern.edu/people/john-ewart/",
    "name": "John Ewart",
    "phone": "2064675480",
    "positions": Array [
      "Part-Time Lecturer - Seattle",
    ],
  },
  Object {
    "email": "e.ewart@northeastern.edu",
    "link": "http://www.ccis.northeastern.edu/people/elizabeth-ewart/",
    "name": "Elizabeth Ewart",
    "phone": "6173736104",
    "positions": Array [
      "Administrative Assistant",
    ],
  },
  Object {
    "email": "saber@ccs.neu.edu",
    "link": "http://www.ccis.northeastern.edu/people/saber-shokat-fadaee/",
    "name": "Saber Shokat Fadaee",
    "positions": Array [
      "PhD Student",
    ],
  },
  Object {
    "email": "d.feinberg@northeastern.edu",
    "link": "http://www.ccis.northeastern.edu/people/daniel-feinberg/",
    "name": "Daniel Feinberg",
    "phone": "6173735005",
    "positions": Array [
      "Clinical Instructor",
      "Director- Health Informatics Program",
    ],
  },
  Object {
    "email": "matthias@ccs.neu.edu",
    "link": "http://www.ccis.northeastern.edu/people/matthias-felleisen/",
    "name": "Matthias Felleisen",
    "phone": "6173732085",
    "positions": Array [
      "Trustee Professor",
    ],
  },
  Object {
    "email": "danfeng@ccs.neu.edu",
    "link": "http://www.ccis.northeastern.edu/people/dan-feng/",
    "name": "Dan Feng",
    "positions": Array [
      "PhD Student",
    ],
  },
  Object {
    "email": "j.fernandez@northeastern.edu",
    "link": "http://www.ccis.northeastern.edu/people/juan-fernandez/",
    "name": "Juan Fernandez",
    "phone": "6173734605",
    "positions": Array [
      "Systems Technician",
    ],
  },
  Object {
    "email": "c.ferreira@northeastern.edu",
    "link": "http://www.ccis.northeastern.edu/people/constance-ferreira/",
    "name": "Constance Ferreira",
    "phone": "6173736830",
    "positions": Array [
      "Development Officer",
    ],
  },
  Object {
    "email": "laf@ccs.neu.edu",
    "link": "http://www.ccis.northeastern.edu/people/larry-finkelstein/",
    "name": "Larry Finkelstein",
    "phone": "6173735326",
    "positions": Array [
      "Professor Emeritus",
      "Dean Emeritus",
    ],
  },
  Object {
    "email": "b.finney@northeastern.edu",
    "link": "http://www.ccis.northeastern.edu/people/barbara-finney/",
    "name": "Barbara Finney",
    "phone": "6173733673",
    "positions": Array [
      "Personnel Administration Manager",
    ],
  },
  Object {
    "email": "firouzbakht.k@husky.neu.edu",
    "link": "http://www.ccis.northeastern.edu/people/koorosh-firouzbakht/",
    "name": "Koorosh Firouzbakht",
    "positions": Array [
      "Lecturer",
    ],
  },
  Object {
    "email": "g.fitzgerald@northeastern.edu",
    "link": "http://www.ccis.northeastern.edu/people/gail-fitzgerald/",
    "name": "Gail Fitzgerald",
    "phone": "6173734913",
    "positions": Array [
      "Director - Marketing & Digital Strategy",
    ],
  },
  Object {
    "email": "jamonfoster@gmail.com",
    "link": "http://www.ccis.northeastern.edu/people/jamon-a-foster/",
    "name": "Jamon A. Foster",
    "positions": Array [
      "Part-Time Lecturer",
    ],
  },
  Object {
    "email": "j.frederick@northeastern.edu",
    "link": "http://www.ccis.northeastern.edu/people/jon-frederick/",
    "name": "Jon Frederick",
    "phone": "6173736294",
    "positions": Array [
      "Director - Information Technology",
    ],
  },
  Object {
    "email": "ccf@ccs.neu.edu",
    "link": "http://www.ccis.northeastern.edu/people/clark-freifeld/",
    "name": "Clark Freifeld",
    "phone": "6173735605",
    "positions": Array [
      "Lecturer",
      "Director - Health Data Analytics MS Program",
    ],
  },
  Object {
    "email": "yunfu@ece.neu.edu",
    "link": "http://www.ccis.northeastern.edu/people/raymond-yun-fu/",
    "name": "Yun (Raymond) Fu",
    "phone": "6173737328",
    "positions": Array [
      "Associate Professor",
      "Interdisciplinary with College of Engineering",
    ],
  },
  Object {
    "email": "s.gale@northeastern.edu",
    "link": "http://www.ccis.northeastern.edu/people/sarah-gale/",
    "name": "Sarah Gale",
    "phone": "6173732719",
    "positions": Array [
      "Admissions Coordinator",
    ],
  },
  Object {
    "email": "rohgarg@ccs.neu.edu",
    "link": "http://www.ccis.northeastern.edu/people/rohan-garg/",
    "name": "Rohan Garg",
    "positions": Array [
      "PhD Student",
    ],
  },
  Object {
    "email": "cgemici@ccs.neu.edu",
    "link": "http://www.ccis.northeastern.edu/people/can-gemicioglu/",
    "name": "Can Gemicioglu",
    "positions": Array [
      "PhD Student",
    ],
  },
  Object {
    "email": "c.gershenson@northeastern.edu",
    "link": "http://www.ccis.northeastern.edu/people/carlos-gershenson/",
    "name": "Carlos Gershenson",
    "phone": "6173734222",
    "positions": Array [
      "Visiting Research Professor",
    ],
  },
  Object {
    "email": "k.gilbert@northeastern.edu",
    "link": "http://www.ccis.northeastern.edu/people/kirsten-gilbert/",
    "name": "Kirsten Gilbert",
    "phone": "6173738685",
    "positions": Array [
      "Associate Dean - Administration and Finance",
    ],
  },
  Object {
    "email": "a.glenn@northeastern.edu",
    "link": "http://www.ccis.northeastern.edu/people/ashley-g-glenn/",
    "name": "Ashley Glenn",
    "phone": "6173738359",
    "positions": Array [
      "Administrative Assistant",
    ],
  },
  Object {
    "email": "kgold@ccs.neu.edu",
    "link": "http://www.ccis.northeastern.edu/people/kevin-gold/",
    "name": "Kevin Gold",
    "phone": "6173735346",
    "positions": Array [
      "Lecturer",
    ],
  },
  Object {
    "email": "m.goodwin@northeastern.edu",
    "link": "http://www.ccis.northeastern.edu/people/matthew-goodwin/",
    "name": "Matthew Goodwin",
    "phone": "6173734192",
    "positions": Array [
      "Assistant Professor",
      "Interdisciplinary with Bouvé College of Health Sciences",
    ],
  },
  Object {
    "email": "c.gordon@northeastern.edu",
    "link": "http://www.ccis.northeastern.edu/people/christine-gordon/",
    "name": "Christine Gordon",
    "phone": "6173736419",
    "positions": Array [
      "Project Manager",
    ],
  },
  Object {
    "email": "w.gordon-hewick@northeastern.edu",
    "link": "http://www.ccis.northeastern.edu/people/wendy-gordon-hewick/",
    "name": "Wendy Gordon-Hewick",
    "phone": "6173737730",
    "positions": Array [
      "Academic Assistant Director",
    ],
  },
  Object {
    "email": "i.gorton@northeastern.edu",
    "link": "http://www.ccis.northeastern.edu/people/ian-gorton/",
    "name": "Ian Gorton",
    "phone": "2064675481",
    "positions": Array [
      "Professor of the Practice - Seattle",
      "Director - Computer Science Programs - Seattle",
    ],
  },
  Object {
    "email": "d.gray@northeastern.edu",
    "link": "http://www.ccis.northeastern.edu/people/david-w-gray/",
    "name": "David W. Gray",
    "phone": "2064675480",
    "positions": Array [
      "Part-Time Lecturer - Seattle",
    ],
  },
  Object {
    "email": "types@ccs.neu.edu",
    "link": "http://www.ccis.northeastern.edu/people/benjamin-greenman/",
    "name": "Benjamin Greenman",
    "positions": Array [
      "PhD Student",
    ],
  },
  Object {
    "email": "j.grenier@northeastern.edu",
    "link": "http://www.ccis.northeastern.edu/people/jonny-grenier/",
    "name": "Jonny Grenier",
    "positions": Array [
      "Academic Advisor",
    ],
  },
  Object {
    "email": "m.griskewicz@northeastern.edu",
    "link": "http://www.ccis.northeastern.edu/people/mary-griskewicz/",
    "name": "Mary Griskewicz",
    "positions": Array [
      "Part-Time Lecturer",
    ],
  },
  Object {
    "email": "guyijia@gmail.com",
    "link": "http://www.ccis.northeastern.edu/people/yijia-gu/",
    "name": "Yijia Gu",
    "positions": Array [
      "PhD Student",
    ],
  },
  Object {
    "email": "ypgu@ccs.neu.edu",
    "link": "http://www.ccis.northeastern.edu/people/yupeng-gu/",
    "name": "Yupeng Gu",
    "positions": Array [
      "PhD Student",
    ],
  },
  Object {
    "email": "mgualti@ccs.neu.edu",
    "link": "http://www.ccis.northeastern.edu/people/marcus-gualtieri/",
    "name": "Marcus Gualtieri",
    "positions": Array [
      "PhD Student",
    ],
  },
  Object {
    "email": "p.gust@northeastern.edu",
    "link": "http://www.ccis.northeastern.edu/people/philip-gust/",
    "name": "Philip Gust",
    "positions": Array [
      "Clinical Instructor - Silicon Valley",
    ],
  },
  Object {
    "email": "a.hamed@northeastern.edu",
    "link": "http://www.ccis.northeastern.edu/people/ahmed-abdeen-hamed/",
    "name": "Ahmed Abdeen Hamed",
    "positions": Array [
      "Lecturer",
    ],
  },
  Object {
    "email": "f.hameed@northeastern.edu",
    "link": "http://www.ccis.northeastern.edu/people/farhan-hameed/",
    "name": "Farhan Hameed",
    "positions": Array [
      "Part-Time Lecturer",
    ],
  },
  Object {
    "email": "hamlin.a@husky.neu.edu",
    "link": "http://www.ccis.northeastern.edu/people/ariel-hamlin/",
    "name": "Ariel Hamlin",
    "positions": Array [
      "PhD Student",
    ],
  },
  Object {
    "email": "j.harris@northeastern.edu",
    "link": "http://www.ccis.northeastern.edu/people/john-harris/",
    "name": "John Harris",
    "phone": "6173736312",
    "positions": Array [
      "Director – College Research Administration",
    ],
  },
  Object {
    "email": "a.hauser@northeastern.edu",
    "link": "http://www.ccis.northeastern.edu/people/andrea-hauser/",
    "name": "Andrea Hauser",
    "phone": "6173736232",
    "positions": Array [
      "Academic Assistant Director",
    ],
  },
  Object {
    "link": "http://www.ccis.northeastern.edu/people/james-heathers/",
    "name": "James Heathers",
    "positions": Array [
      "Postdoctoral Research Associate",
    ],
  },
  Object {
    "email": "mr.higgins@northeastern.edu",
    "link": "http://www.ccis.northeastern.edu/people/michael-higgins/",
    "name": "Michael Higgins",
    "positions": Array [
      "Part-Time Lecturer",
    ],
  },
  Object {
    "email": "d.hodgkin@northeastern.edu",
    "link": "http://www.ccis.northeastern.edu/people/doreen-hodgkin/",
    "name": "Doreen Hodgkin",
    "phone": "6173735325",
    "positions": Array [
      "Associate Dean - Administration and Student Affairs",
    ],
  },
  Object {
    "email": "e.hoque@northeastern.edu",
    "link": "http://www.ccis.northeastern.edu/people/md-endadul-hoque/",
    "name": "Md Endadul Hoque",
    "positions": Array [
      "Postdoctoral Research Associate",
    ],
  },
  Object {
    "email": "bhorn@ccs.neu.edu",
    "link": "http://www.ccis.northeastern.edu/people/britton-horn/",
    "name": "Britton Horn",
    "positions": Array [
      "PhD Student",
    ],
  },
  Object {
    "email": "lhou@ccs.neu.edu",
    "link": "http://www.ccis.northeastern.edu/people/liwen-hou/",
    "name": "Liwen Hou",
    "positions": Array [
      "PhD Student",
    ],
  },
  Object {
    "email": "hua.x@husky.neu.edu",
    "link": "http://www.ccis.northeastern.edu/people/xinyu-hua/",
    "name": "Xinyu Hua",
    "positions": Array [
      "PhD Student",
    ],
  },
  Object {
    "link": "http://www.ccis.northeastern.edu/people/ting-huang/",
    "name": "Ting Huang",
    "positions": Array [
      "PhD Student",
    ],
  },
  Object {
    "email": "m.huo@northeastern.edu",
    "link": "http://www.ccis.northeastern.edu/people/ming-huo/",
    "name": "Ming Huo",
    "phone": "2064675480",
    "positions": Array [
      "Part-Time Lecturer - Seattle",
    ],
  },
  Object {
    "email": "s.intille@northeastern.edu",
    "link": "http://www.ccis.northeastern.edu/people/stephen-intille/",
    "name": "Stephen Intille",
    "phone": "6173733711",
    "positions": Array [
      "Associate Professor",
      "Interdisciplinary with Bouvé College of Health Sciences",
    ],
  },
  Object {
    "email": "ioannidis@ece.neu.edu",
    "link": "http://www.ccis.northeastern.edu/people/stratis-ioannidis/",
    "name": "Stratis Ioannidis",
    "phone": "6173736358",
    "positions": Array [
      "Assistant Professor of Electrical and Computer Engineering",
      "CCIS Courtesy Appointment",
    ],
  },
  Object {
    "link": "http://www.ccis.northeastern.edu/people/farnaz-irannejad-bisafar/",
    "name": "Farnaz Irannejad Bisafar",
    "positions": Array [
      "PhD Student",
    ],
  },
  Object {
    "email": "zahra@ccs.neu.edu",
    "link": "http://www.ccis.northeastern.edu/people/zahra-jafargholi/",
    "name": "Zahra Jafargholi",
    "positions": Array [
      "PhD Student",
    ],
  },
  Object {
    "email": "jagielski.m@husky.neu.edu",
    "link": "http://www.ccis.northeastern.edu/people/matthew-jagielski/",
    "name": "Matthew Jagielski",
    "positions": Array [
      "PhD Student",
    ],
  },
  Object {
    "email": "hamid@ccs.neu.edu",
    "link": "http://www.ccis.northeastern.edu/people/hamidreza-jahanjou/",
    "name": "Hamidreza Jahanjou",
    "positions": Array [
      "PhD Student",
    ],
  },
  Object {
    "email": "jmitesh@ccs.neu.edu",
    "link": "http://www.ccis.northeastern.edu/people/mitesh-jain/",
    "name": "Mitesh Jain",
    "positions": Array [
      "PhD Student",
    ],
  },
  Object {
    "email": "k.jeans@northeastern.edu",
    "link": "http://www.ccis.northeastern.edu/people/kevin-jeans/",
    "name": "Kevin Jeans",
    "phone": "6173732445",
    "positions": Array [
      "Senior Officer - Corporate Relations",
    ],
  },
  Object {
    "email": "jemmali.c@husky.neu.edu",
    "link": "http://www.ccis.northeastern.edu/people/chaima-jemmali/",
    "name": "Chaima Jemmali",
    "positions": Array [
      "PhD Student",
    ],
  },
  Object {
    "email": "sjiang@ccs.neu.edu",
    "link": "http://www.ccis.northeastern.edu/people/shan-jiang/",
    "name": "Shan Jiang",
    "positions": Array [
      "PhD Student",
    ],
  },
  Object {
    "email": "h.jimison@northeastern.edu",
    "link": "http://www.ccis.northeastern.edu/people/holly-jimison/",
    "name": "Holly Jimison",
    "phone": "6173732381",
    "positions": Array [
      "Professor of the Practice",
      "Interdisciplinary with Bouvé College of Health Sciences",
    ],
  },
  Object {
    "email": "k.jona@northeastern.edu",
    "link": "http://www.ccis.northeastern.edu/people/kemi-jona/",
    "name": "Kemi Jona",
    "phone": "6173736490",
    "positions": Array [
      "Founding Director - Lowell Institute School",
      "Associate Dean for Undergraduate Programs - College of Professional Studies",
      "CCIS Courtesy Appointment",
    ],
  },
  Object {
    "email": "kaeli@ece.neu.edu",
    "link": "http://www.ccis.northeastern.edu/people/david-kaeli/",
    "name": "David Kaeli",
    "phone": "6173735413",
    "positions": Array [
      "Distinguished Professor of Electrical and Computer Engineering",
      "CCIS Courtesy Appointment",
    ],
  },
  Object {
    "email": "e.kantor@northeastern.edu",
    "link": "http://www.ccis.northeastern.edu/people/erez-kantor/",
    "name": "Erez Kantor",
    "positions": Array [
      "Postdoctoral Research Associate",
    ],
  },
  Object {
    "email": "katt.s@husky.neu.edu",
    "link": "http://www.ccis.northeastern.edu/people/sammie-katt/",
    "name": "Sammie Katt",
    "positions": Array [
      "PhD Student",
    ],
  },
  Object {
    "email": "kaveti.p@husky.neu.edu",
    "link": "http://www.ccis.northeastern.edu/people/pushyami-kaveti/",
    "name": "Pushyami Kaveti",
    "positions": Array [
      "PhD Student",
    ],
  },
  Object {
    "email": "m.kennedy@northeastern.edu",
    "link": "http://www.ccis.northeastern.edu/people/mary-kennedy/",
    "name": "Mary Kennedy",
    "positions": Array [
      "Part-Time Lecturer",
    ],
  },
  Object {
    "email": "a.yates@northeastern.edu",
    "link": "http://www.ccis.northeastern.edu/people/aileen-kent-yates/",
    "name": "Aileen Kent Yates",
    "phone": "6173734151",
    "positions": Array [
      "Assistant Co-op Coordinator",
    ],
  },
  Object {
    "email": "i.khaghanifar@northeastern.edu",
    "link": "http://www.ccis.northeastern.edu/people/iman-khaghani-far/",
    "name": "Iman Khaghani Far",
    "positions": Array [
      "Postdoctoral Research Associate",
    ],
  },
  Object {
    "email": "mkharraz@ccs.neu.edu",
    "link": "http://www.ccis.northeastern.edu/people/amin-kharraz/",
    "name": "Amin Kharraz",
    "positions": Array [
      "PhD Student",
    ],
  },
  Object {
    "email": "khodayar.m@husky.neu.edu",
    "link": "http://www.ccis.northeastern.edu/people/mahdi-khodayar/",
    "name": "Mahdi Khodayar",
    "positions": Array [
      "PhD Student",
    ],
  },
  Object {
    "email": "kiffer.l@husky.neu.edu",
    "link": "http://www.ccis.northeastern.edu/people/lucianna-kiffer/",
    "name": "Lucianna Kiffer",
    "positions": Array [
      "PhD Student",
    ],
  },
  Object {
    "email": "kimani15@ccs.neu.edu",
    "link": "http://www.ccis.northeastern.edu/people/everlyne-kimani/",
    "name": "Everlyne Kimani",
    "positions": Array [
      "PhD Student",
    ],
  },
  Object {
    "email": "ek@ccs.neu.edu",
    "link": "http://www.ccis.northeastern.edu/people/engin-kirda/",
    "name": "Engin Kirda",
    "phone": "6173737484",
    "positions": Array [
      "Professor",
      "Interdisciplinary with College of Engineering",
    ],
  },
  Object {
    "email": "o.kolesnikov@northeastern.edu",
    "link": "http://www.ccis.northeastern.edu/people/oleg-kolesnikov/",
    "name": "Oleg Kolesnikov",
    "positions": Array [
      "Part-Time Lecturer",
    ],
  },
  Object {
    "email": "p.konow@northeastern.edu",
    "link": "http://www.ccis.northeastern.edu/people/pernille-konow/",
    "name": "Pernille Konow",
    "positions": Array [
      "Grants Administrator Pre-Award",
    ],
  },
  Object {
    "email": "kos.m@husky.neu.edu",
    "link": "http://www.ccis.northeastern.edu/people/maciej-kos/",
    "name": "Maciej Kos",
    "positions": Array [
      "PhD Student",
    ],
  },
  Object {
    "email": "krishnan.sup@husky.neu.edu",
    "link": "http://www.ccis.northeastern.edu/people/supraja-krishnan/",
    "name": "Supraja Krishnan",
    "positions": Array [
      "PhD Student",
    ],
  },
  Object {
    "email": "pr.kulkarni@northeastern.edu",
    "link": "http://www.ccis.northeastern.edu/people/prajna-kulkarni/",
    "name": "Prajna Kulkarni",
    "phone": "6173736233",
    "positions": Array [
      "Academic Advisor",
    ],
  },
  Object {
    "email": "b.lackaye@northeastern.edu",
    "link": "http://www.ccis.northeastern.edu/people/bryan-lackaye/",
    "name": "Bryan Lackaye",
    "phone": "6173732464",
    "positions": Array [
      "Associate Dean - Graduate Student Administration",
    ],
  },
  Object {
    "email": "n.lash@northeastern.edu",
    "link": "http://www.ccis.northeastern.edu/people/nathanael-lash/",
    "name": "Nathanael Lash",
    "positions": Array [
      "Co-op Counselor",
    ],
  },
  Object {
    "email": "d.lazer@northeastern.edu",
    "link": "http://www.ccis.northeastern.edu/people/david-lazer/",
    "name": "David Lazer",
    "phone": "6173291010",
    "positions": Array [
      "Distinguished Professor",
      "Interdisciplinary with College of Social Sciences and Humanities",
    ],
  },
  Object {
    "email": "jo.lee@northeastern.edu",
    "link": "http://www.ccis.northeastern.edu/people/jonathan-lee/",
    "name": "Jonathan Lee",
    "phone": "6173738013",
    "positions": Array [
      "Academic Advisor",
    ],
  },
  Object {
    "email": "chlee@ccs.neu.edu",
    "link": "http://www.ccis.northeastern.edu/people/chin-ho-lee/",
    "name": "Chin Ho Lee",
    "positions": Array [
      "PhD Student",
    ],
  },
  Object {
    "email": "blerner@ccs.neu.edu",
    "link": "http://www.ccis.northeastern.edu/people/benjamin-lerner/",
    "name": "Benjamin Lerner",
    "phone": "6173732462",
    "positions": Array [
      "Lecturer",
    ],
  },
  Object {
    "email": "chengli@ccs.neu.edu",
    "link": "http://www.ccis.northeastern.edu/people/cheng-li/",
    "name": "Cheng Li",
    "positions": Array [
      "PhD Student",
    ],
  },
  Object {
    "email": "fangfanli@ccs.neu.edu",
    "link": "http://www.ccis.northeastern.edu/people/fangfan-li/",
    "name": "Fangfan Li",
    "positions": Array [
      "PhD Student",
    ],
  },
  Object {
    "email": "pa.li@northeastern.edu",
    "link": "http://www.ccis.northeastern.edu/people/paley-li/",
    "name": "Paley Li",
    "positions": Array [
      "Postdoctoral Research Associate",
    ],
  },
  Object {
    "email": "rundong@ccs.neu.edu",
    "link": "http://www.ccis.northeastern.edu/people/rundong-li/",
    "name": "Rundong Li",
    "positions": Array [
      "PhD Student",
    ],
  },
  Object {
    "email": "li.xu@husky.neu.edu",
    "link": "http://www.ccis.northeastern.edu/people/xuan-li/",
    "name": "Xuan Li",
    "positions": Array [
      "PhD Student",
    ],
  },
  Object {
    "email": "mehraneh@ccs.neu.edu",
    "link": "http://www.ccis.northeastern.edu/people/mehraneh-liaee/",
    "name": "Mehraneh Liaee",
    "positions": Array [
      "PhD Student",
    ],
  },
  Object {
    "email": "lieber@ccs.neu.edu",
    "link": "http://www.ccis.northeastern.edu/people/karl-lieberherr/",
    "name": "Karl Lieberherr",
    "phone": "6173732077",
    "positions": Array [
      "Professor",
    ],
  },
  Object {
    "email": "lpzun@ccs.neu.edu",
    "link": "http://www.ccis.northeastern.edu/people/peizun-liu/",
    "name": "Peizun Liu",
    "positions": Array [
      "PhD Student",
    ],
  },
  Object {
    "email": "ybliu@ccs.neu.edu",
    "link": "http://www.ccis.northeastern.edu/people/yabing-liu/",
    "name": "Yabing Liu",
    "positions": Array [
      "Postdoctoral Researcher",
    ],
  },
  Object {
    "email": "a.lowe@northeastern.edu",
    "link": "http://www.ccis.northeastern.edu/people/anne-michelle-lowe/",
    "name": "Anne Michelle Lowe",
    "phone": "6173734222",
    "positions": Array [
      "Administrative Coordinator - Network Science Institute",
    ],
  },
  Object {
    "email": "r.lynch@northeastern.edu",
    "link": "http://www.ccis.northeastern.edu/people/richard-lynch/",
    "name": "Richard Lynch",
    "positions": Array [
      "Part-Time Lecturer",
    ],
  },
  Object {
    "email": "r.mackenzie@northeastern.edu",
    "link": "http://www.ccis.northeastern.edu/people/rebecca-mackenzie/",
    "name": "Rebecca MacKenzie",
    "positions": Array [
      "Academic IT Coordinator",
    ],
  },
  Object {
    "email": "ansel@ccs.neu.edu",
    "link": "http://www.ccis.northeastern.edu/people/ansel-maclaughlin/",
    "name": "Ansel MacLaughlin",
    "positions": Array [
      "PhD Student",
    ],
  },
  Object {
    "email": "n.magni@northeastern.edu",
    "link": "http://www.ccis.northeastern.edu/people/nicole-magni/",
    "name": "Nicole Magni",
    "phone": "6173732461",
    "positions": Array [
      "Grants Manager - Pre-Awards",
    ],
  },
  Object {
    "email": "biswaroop@ccs.neu.edu",
    "link": "http://www.ccis.northeastern.edu/people/biswaroop-maiti/",
    "name": "Biswaroop Maiti",
    "positions": Array [
      "PhD Student",
    ],
  },
  Object {
    "email": "m.maloney@northeastern.edu",
    "link": "http://www.ccis.northeastern.edu/people/marie-a-maloney/",
    "name": "Marie A. Maloney",
    "positions": Array [
      "Part-Time Lecturer",
    ],
  },
  Object {
    "email": "mbr@ccs.neu.edu",
    "link": "http://www.ccis.northeastern.edu/people/andrea-mambretti/",
    "name": "Andrea Mambretti",
    "positions": Array [
      "PhD Student",
    ],
  },
  Object {
    "email": "s.mancini@northeastern.edu",
    "link": "http://www.ccis.northeastern.edu/people/scott-mancini/",
    "name": "Scott Mancini",
    "positions": Array [
      "Part-Time Lecturer",
    ],
  },
  Object {
    "email": "j.manferdelli@northeastern.edu",
    "link": "http://www.ccis.northeastern.edu/people/john-l-manferdelli/",
    "name": "John L. Manferdelli",
    "positions": Array [
      "Professor of the Practice",
      "Executive Director of the Cybersecurity and Privacy Institute",
    ],
  },
  Object {
    "email": "pete@ccs.neu.edu",
    "link": "http://www.ccis.northeastern.edu/people/panagiotos-manolios/",
    "name": "Panagiotos (Pete) Manolios",
    "phone": "6173733694",
    "positions": Array [
      "Professor",
    ],
  },
  Object {
    "email": "g.mansfield@northeastern.edu",
    "link": "http://www.ccis.northeastern.edu/people/gail-mansfield/",
    "name": "Gail Mansfield",
    "phone": "6173738511",
    "positions": Array [
      "Director - Development",
    ],
  },
  Object {
    "email": "j.marchant@northeastern.edu",
    "link": "http://www.ccis.northeastern.edu/people/jason-marchant/",
    "name": "Jason Marchant",
    "positions": Array [
      "Part-Time Lecturer",
    ],
  },
  Object {
    "email": "marsella@ccs.neu.edu",
    "link": "http://www.ccis.northeastern.edu/people/stacy-c-marsella/",
    "name": "Stacy C. Marsella",
    "phone": "6173735119",
    "positions": Array [
      "Professor",
      "Interdisciplinary with College of Science",
    ],
  },
  Object {
    "email": "a.matwyshyn@northeastern.edu",
    "link": "http://www.ccis.northeastern.edu/people/andrea-matwyshyn/",
    "name": "Andrea Matwyshyn",
    "positions": Array [
      "Professor, School of Law",
      "CCIS Courtesy Appointment",
    ],
  },
  Object {
    "email": "j.mccrary@northeastern.edu",
    "link": "http://www.ccis.northeastern.edu/people/john-mccrary/",
    "name": "John McCrary",
    "phone": "6173737209",
    "positions": Array [
      "Academic Coordinator",
    ],
  },
  Object {
    "email": "tanaym@ccs.neu.edu",
    "link": "http://www.ccis.northeastern.edu/people/tanay-mehta/",
    "name": "Tanay Mehta",
    "positions": Array [
      "PhD Student",
    ],
  },
  Object {
    "email": "m.merdinoglu@northeastern.edu",
    "link": "http://www.ccis.northeastern.edu/people/mardiros-merdinoglu/",
    "name": "Mardiros Merdinoglu",
  },
  Object {
    "email": "f.mesch@northeastern.edu",
    "link": "http://www.ccis.northeastern.edu/people/francisco-paco-mesch/",
    "name": "Francisco (Paco) Mesch",
    "phone": "2062547507",
    "positions": Array [
      "Assistant Co-op Coordinator - Seattle",
    ],
  },
  Object {
    "email": "he.miller@northeastern.edu",
    "link": "http://www.ccis.northeastern.edu/people/heather-miller/",
    "name": "Heather Miller",
    "positions": Array [
      "Assistant Clinical Professor and Future Faculty Fellow",
    ],
  },
  Object {
    "email": "reza699@ccs.neu.edu",
    "link": "http://www.ccis.northeastern.edu/people/reza-mirzazade-farkhani/",
    "name": "Reza Mirzazade Farkhani",
    "positions": Array [
      "PhD Student",
    ],
  },
  Object {
    "email": "amislove@ccs.neu.edu",
    "link": "http://www.ccis.northeastern.edu/people/alan-mislove/",
    "name": "Alan Mislove",
    "phone": "6173737069",
    "positions": Array [
      "Associate Professor",
      "Associate Dean & Director - Undergraduate Programs",
    ],
  },
  Object {
    "email": "mohammadtaheri.s@husky.neu.edu",
    "link": "http://www.ccis.northeastern.edu/people/sara-mohammad-taheri/",
    "name": "Sara Mohammad Taheri",
    "positions": Array [
      "PhD Student",
    ],
  },
  Object {
    "email": "arash@ccs.neu.edu",
    "link": "http://www.ccis.northeastern.edu/people/arash-molavi-kakhki/",
    "name": "Arash Molavi Kakhki",
    "positions": Array [
      "PhD Student",
    ],
  },
  Object {
    "email": "y.montes@northeastern.edu",
    "link": "http://www.ccis.northeastern.edu/people/yasmil-montes/",
    "name": "Yasmil Montes",
    "phone": "6173735225",
    "positions": Array [
      "Assistant Co-op Coordinator",
    ],
  },
  Object {
    "email": "b.morris@northeastern.edu",
    "link": "http://www.ccis.northeastern.edu/people/barbara-morris/",
    "name": "Barbara Morris",
    "phone": "6173738091",
    "positions": Array [
      "Senior Grants Administrator",
    ],
  },
  Object {
    "email": "v.murdock@northeastern.edu",
    "link": "http://www.ccis.northeastern.edu/people/vanessa-murdock/",
    "name": "Vanessa Murdock",
    "phone": "2064675480",
    "positions": Array [
      "Part-Time Lecturer - Seattle",
    ],
  },
  Object {
    "email": "muther.r@husky.neu.edu",
    "link": "http://www.ccis.northeastern.edu/people/ryan-muther/",
    "name": "Ryan Muther",
    "positions": Array [
      "PhD Student",
    ],
  },
  Object {
    "email": "najin@ccs.neu.edu",
    "link": "http://www.ccis.northeastern.edu/people/nada-naji/",
    "name": "Nada Naji",
    "phone": "6173732462",
    "positions": Array [
      "Lecturer",
    ],
  },
  Object {
    "email": "sashank@ccs.neu.edu",
    "link": "http://www.ccis.northeastern.edu/people/sashank-narain/",
    "name": "Sashank Narain",
    "positions": Array [
      "PhD Student",
    ],
  },
  Object {
    "link": "http://www.ccis.northeastern.edu/people/max-new/",
    "name": "Max New",
    "positions": Array [
      "PhD Student",
    ],
  },
  Object {
    "email": "hu.nguyen@northeastern.edu",
    "link": "http://www.ccis.northeastern.edu/people/huy-le-nguyen/",
    "name": "Huy Lê Nguyen",
    "positions": Array [
      "Assistant Professor",
    ],
  },
  Object {
    "email": "c.nitarotaru@northeastern.edu",
    "link": "http://www.ccis.northeastern.edu/people/cristina-nita-rotaru/",
    "name": "Cristina Nita-Rotaru",
    "positions": Array [
      "Professor",
    ],
  },
  Object {
    "email": "noubir@ccs.neu.edu",
    "link": "http://www.ccis.northeastern.edu/people/guevara-noubir/",
    "name": "Guevara Noubir",
    "phone": "6173735205",
    "positions": Array [
      "Professor",
    ],
  },
  Object {
    "email": "cn@northeastern.edu",
    "link": "http://www.ccis.northeastern.edu/people/christopher-noyes/",
    "name": "Christopher Noyes",
    "phone": "6173732616",
    "positions": Array [
      "Associate Director of Information Technology – Infrastructure and Architecture",
    ],
  },
  Object {
    "email": "stefanolafs@ccs.neu.edu",
    "link": "http://www.ccis.northeastern.edu/people/stefan-olaffson/",
    "name": "Stefan Olafsson",
    "positions": Array [
      "PhD Student",
    ],
  },
  Object {
    "email": "onarliog@ccs.neu.edu",
    "link": "http://www.ccis.northeastern.edu/people/kaan-onarlioglu/",
    "name": "Kaan Onarlioglu",
    "positions": Array [
      "PhD Student",
    ],
  },
  Object {
    "email": "a.oprea@northeastern.edu",
    "link": "http://www.ccis.northeastern.edu/people/alina-oprea/",
    "name": "Alina Oprea",
    "positions": Array [
      "Associate Professor",
    ],
  },
  Object {
    "email": "jossowsk@ccs.neu.edu",
    "link": "http://www.ccis.northeastern.edu/people/jacek-ossowski/",
    "name": "Jacek Ossowski",
    "phone": "6173734128",
    "positions": Array [
      "Lecturer",
    ],
  },
  Object {
    "email": "talha@ccs.neu.edu",
    "link": "http://www.ccis.northeastern.edu/people/ahmet-talha-ozcan/",
    "name": "Ahmet Talha Ozcan",
    "positions": Array [
      "PhD Student",
    ],
  },
  Object {
    "email": "t.padir@northeastern.edu",
    "link": "http://www.ccis.northeastern.edu/people/taskin-padir/",
    "name": "Taskin Padir",
    "phone": "6173738114",
    "positions": Array [
      "Associate Professor of Electrical and Computer Engineering",
      "CCIS Courtesy Appointment",
    ],
  },
  Object {
    "email": "pandey.ad@husky.neu.edu",
    "link": "http://www.ccis.northeastern.edu/people/aditeya-pandey/",
    "name": "Aditeya Pandey",
    "positions": Array [
      "PhD Student",
    ],
  },
  Object {
    "email": "tapapag@ccs.neu.edu",
    "link": "http://www.ccis.northeastern.edu/people/themis-a-papageorge/",
    "name": "Themis A. Papageorge",
    "phone": "6173737616",
    "positions": Array [
      "Associate Clinical Professor",
      "Director - Graduate Information Assurance Program",
    ],
  },
  Object {
    "email": "a.parker@northeastern.edu",
    "link": "http://www.ccis.northeastern.edu/people/andrea-grimes-parker/",
    "name": "Andrea Grimes Parker",
    "phone": "6173737228",
    "positions": Array [
      "Assistant Professor",
      "Interdisciplinary with Bouvé College of Health Sciences",
    ],
  },
  Object {
    "email": "r.patel@northeastern.edu",
    "link": "http://www.ccis.northeastern.edu/people/rupal-patel/",
    "name": "Rupal Patel",
    "phone": "6173735842",
    "positions": Array [
      "Professor",
      "Interdisciplinary with Bouvé College of Health Sciences",
    ],
  },
  Object {
    "email": "dbp@ccs.neu.edu",
    "link": "http://www.ccis.northeastern.edu/people/daniel-patterson/",
    "name": "Daniel Patterson",
    "positions": Array [
      "PhD Student",
    ],
  },
  Object {
    "email": "spaul@ccs.neu.edu",
    "link": "http://www.ccis.northeastern.edu/people/stanley-paul/",
    "name": "Stanley Paul",
    "phone": "6173734357",
    "positions": Array [
      "Service Desk Coordinator",
    ],
  },
  Object {
    "email": "m.pavel@northeastern.edu",
    "link": "http://www.ccis.northeastern.edu/people/misha-pavel/",
    "name": "Misha Pavel",
    "phone": "6173732354",
    "positions": Array [
      "Professor of the Practice",
      "Interdisciplinary with Bouvé College of Health Sciences",
    ],
  },
  Object {
    "email": "vip@ccs.neu.edu",
    "link": "http://www.ccis.northeastern.edu/people/virgil-pavlu/",
    "name": "Virgil Pavlu",
    "positions": Array [
      "Associate Research Scientist",
    ],
  },
  Object {
    "email": "m.peikin@northeastern.edu",
    "link": "http://www.ccis.northeastern.edu/people/melissa-peikin/",
    "name": "Melissa Peikin",
    "phone": "6173733787",
    "positions": Array [
      "Associate Co-op Coordinator",
    ],
  },
  Object {
    "email": "mansoor@ccs.neu.edu",
    "link": "http://www.ccis.northeastern.edu/people/mansoor-pervaiz/",
    "name": "Mansoor Pervaiz",
    "positions": Array [
      "PhD Student",
    ],
  },
  Object {
    "email": "xiao.yuch@husky.neu.edu",
    "link": "http://www.ccis.northeastern.edu/people/yuchen-xiao/",
    "name": "Yuchen Xiao",
  },
  Object {
    "email": "rplatt@ccs.neu.edu",
    "link": "http://www.ccis.northeastern.edu/people/robert-platt/",
    "name": "Robert Platt",
    "phone": "6173737681",
    "positions": Array [
      "Assistant Professor",
    ],
  },
  Object {
    "email": "ponnada.a@husky.neu.edu",
    "link": "http://www.ccis.northeastern.edu/people/aditya-ponnada/",
    "name": "Aditya Ponnada",
    "positions": Array [
      "PhD Student",
    ],
  },
  Object {
    "email": "ad.powell@northeastern.edu",
    "link": "http://www.ccis.northeastern.edu/people/adam-c-powell/",
    "name": "Adam C. Powell",
    "positions": Array [
      "Part-Time Lecturer",
    ],
  },
  Object {
    "email": "qin.ke@husky.neu.edu",
    "link": "http://www.ccis.northeastern.edu/people/kechen-qin/",
    "name": "Kechen Qin",
    "positions": Array [
      "PhD Student",
    ],
  },
  Object {
    "email": "rraj@ccs.neu.edu",
    "link": "http://www.ccis.northeastern.edu/people/rajmohan-rajaraman/",
    "name": "Rajmohan Rajaraman",
    "phone": "6173732075",
    "positions": Array [
      "Professor",
      "Associate Dean & Director of the Graduate School",
    ],
  },
  Object {
    "email": "harshrc@ccs.neu.edu",
    "link": "http://www.ccis.northeastern.edu/people/harsh-raju-chamarthi/",
    "name": "Harsh Raju Chamarthi",
    "positions": Array [
      "PhD Student",
    ],
  },
  Object {
    "email": "jaideep@ccs.neu.edu",
    "link": "http://www.ccis.northeastern.edu/people/jaideep-ramachandran/",
    "name": "Jaideep Ramachandran",
    "positions": Array [
      "PhD Student",
    ],
  },
  Object {
    "email": "ransom.br@husky.neu.edu",
    "link": "http://www.ccis.northeastern.edu/people/brandon-ransom/",
    "name": "Brandon Ransom",
    "positions": Array [
      "PhD Student",
    ],
  },
  Object {
    "email": "v.rao@northeastern.edu",
    "link": "http://www.ccis.northeastern.edu/people/vinayak-rao/",
    "name": "Vinayak Rao",
    "phone": "2064675480",
    "positions": Array [
      "Part-Time Lecturer - Seattle",
    ],
  },
  Object {
    "email": "rasala@ccs.neu.edu",
    "link": "http://www.ccis.northeastern.edu/people/richard-rasala/",
    "name": "Richard Rasala",
    "phone": "6173732206",
    "positions": Array [
      "Professor",
    ],
  },
  Object {
    "email": "lrazzaq@ccs.neu.edu",
    "link": "http://www.ccis.northeastern.edu/people/leena-razzaq/",
    "name": "Leena Razzaq",
    "phone": "6173735797",
    "positions": Array [
      "Assistant Teaching Professor",
    ],
  },
  Object {
    "email": "renjj@ccs.neu.edu",
    "link": "http://www.ccis.northeastern.edu/people/jingjing-ren/",
    "name": "Jingjing Ren",
    "positions": Array [
      "PhD Student",
    ],
  },
  Object {
    "email": "m.riedewald@northeastern.edu",
    "link": "http://www.ccis.northeastern.edu/people/mirek-riedewald/",
    "name": "Mirek Riedewald",
    "phone": "6173734766",
    "positions": Array [
      "Associate Professor",
    ],
  },
  Object {
    "email": "c.riedl@northeastern.edu",
    "link": "http://www.ccis.northeastern.edu/people/christoph-riedl/",
    "name": "Christoph Riedl",
    "phone": "6173735739",
    "positions": Array [
      "Assistant Professor",
      "Interdisciplinary with D'Amore-McKim School of Business",
    ],
  },
  Object {
    "email": "d.ries@northeastern.edu",
    "link": "http://www.ccis.northeastern.edu/people/daniel-ries/",
    "name": "Daniel Ries",
    "positions": Array [
      "Part-Time Lecturer",
    ],
  },
  Object {
    "email": "lring@ccs.neu.edu",
    "link": "http://www.ccis.northeastern.edu/people/lazlo-ring/",
    "name": "Lazlo Ring",
    "positions": Array [
      "PhD Student",
    ],
  },
  Object {
    "email": "sh.robbins@northeastern.edu",
    "link": "http://www.ccis.northeastern.edu/people/shari-robbins/",
    "name": "Shari Robbins",
    "phone": "6176336868",
    "positions": Array [
      "Part-Time Lecturer",
    ],
  },
  Object {
    "email": "w.robertson@northeastern.edu",
    "link": "http://www.ccis.northeastern.edu/people/william-robertson/",
    "name": "William Robertson",
    "phone": "6173732136",
    "positions": Array [
      "Assistant Professor",
      "Interdisciplinary with College of Engineering",
    ],
  },
  Object {
    "email": "k.rosen@northeastern.edu",
    "link": "http://www.ccis.northeastern.edu/people/karyn-rosen/",
    "name": "Karyn Rosen",
    "phone": "6173737862",
    "positions": Array [
      "Assistant Dean of Cooperative Education",
    ],
  },
  Object {
    "email": "j.rushanan@neu.edu",
    "link": "http://www.ccis.northeastern.edu/people/joseph-rushanan/",
    "name": "Joseph Rushanan",
    "positions": Array [
      "Part-Time Lecturer",
    ],
  },
  Object {
    "email": "rdaneel@ccs.neu.edu",
    "link": "http://www.ccis.northeastern.edu/people/mordechai-rynderman/",
    "name": "Mordechai Rynderman",
    "positions": Array [
      "PhD Student",
    ],
  },
  Object {
    "email": "jsackett@ccs.neu.edu",
    "link": "http://www.ccis.northeastern.edu/people/joseph-sackett/",
    "name": "Joseph Sackett",
    "positions": Array [
      "PhD Student",
    ],
  },
  Object {
    "email": "hsaksono@ccs.neu.edu",
    "link": "http://www.ccis.northeastern.edu/people/herman-saksono/",
    "name": "Herman Saksono",
    "positions": Array [
      "PhD Student",
    ],
  },
  Object {
    "email": "n.samay@northeastern.edu",
    "link": "http://www.ccis.northeastern.edu/people/nicole-samay/",
    "name": "Nicole Samay",
    "phone": "6173732902",
    "positions": Array [
      "Senior Graphic Designer",
    ],
  },
  Object {
    "email": "amirali@ccs.neu.edu",
    "link": "http://www.ccis.northeastern.edu/people/amirali-sanatinia/",
    "name": "Amirali Sanatinia",
    "positions": Array [
      "PhD Student",
    ],
  },
  Object {
    "email": "a.scafuro@northeastern.edu",
    "link": "http://www.ccis.northeastern.edu/people/alessandra-scafuro/",
    "name": "Alessandra Scafuro",
    "positions": Array [
      "Postdoctoral Research Associate",
    ],
  },
  Object {
    "email": "m.schedlbauer@northeastern.edu",
    "link": "http://www.ccis.northeastern.edu/people/martin-schedlbauer/",
    "name": "Martin Schedlbauer",
    "phone": "6173732229",
    "positions": Array [
      "Associate Clinical Professor",
      "Director - Information Science & Data Science",
      "Executive Director - Teaching Faculty",
    ],
  },
  Object {
    "email": "g.scherer@northeastern.edu",
    "link": "http://www.ccis.northeastern.edu/people/gabriel-scherer/",
    "name": "Gabriel Scherer",
    "positions": Array [
      "Postdoctoral Research Associate",
    ],
  },
  Object {
    "email": "w.schnyder@northeastern.edu",
    "link": "http://www.ccis.northeastern.edu/people/walter-schnyder/",
    "name": "Walter Schnyder",
    "phone": "6173733273",
    "positions": Array [
      "Associate Teaching Professor",
    ],
  },
  Object {
    "email": "schuster@ccs.neu.edu",
    "link": "http://www.ccis.northeastern.edu/people/jonathan-schuster/",
    "name": "Jonathan Schuster",
    "positions": Array [
      "PhD Student",
    ],
  },
  Object {
    "email": "magy@northeastern.edu",
    "link": "http://www.ccis.northeastern.edu/people/magy-seif-el-nasr/",
    "name": "Magy Seif El-Nasr",
    "phone": "6173733928",
    "positions": Array [
      "Associate Professor",
      "Interdisciplinary with College of Arts, Media and Design",
    ],
  },
  Object {
    "email": "psequeira@ccs.neu.edu",
    "link": "http://www.ccis.northeastern.edu/people/pedro-sequeira/",
    "name": "Pedro Sequeira",
    "positions": Array [
      "Associate Research Scientist",
    ],
  },
  Object {
    "email": "a.shaheen@northeastern.edu",
    "link": "http://www.ccis.northeastern.edu/people/althea-shaheen/",
    "name": "Althea Shaheen",
    "phone": "6173736177",
    "positions": Array [
      "Network and Virtualization Administrator",
    ],
  },
  Object {
    "email": "shamekhi.a@husky.neu.edu",
    "link": "http://www.ccis.northeastern.edu/people/ameneh-shamekhi/",
    "name": "Ameneh Shamekhi",
    "positions": Array [
      "PhD Student",
    ],
  },
  Object {
    "email": "abhi@northeastern.edu",
    "link": "http://www.ccis.northeastern.edu/people/abhi-shelat/",
    "name": "Abhi Shelat",
    "phone": "6173734211",
    "positions": Array [
      "Associate Professor",
    ],
  },
  Object {
    "email": "shen.bo@husky.neu.edu",
    "link": "http://www.ccis.northeastern.edu/people/bochao-shen/",
    "name": "Bochao Shen",
    "positions": Array [
      "PhD Student",
    ],
  },
  Object {
    "email": "ashesh@ccs.neu.edu",
    "link": "http://www.ccis.northeastern.edu/people/amit-shesh/",
    "name": "Amit Shesh",
    "phone": "6173732462",
    "positions": Array [
      "Associate Teaching Professor",
    ],
  },
  Object {
    "email": "octlin@ccs.neu.edu",
    "link": "http://www.ccis.northeastern.edu/people/lin-shi/",
    "name": "Lin Shi",
    "phone": "6173732246",
    "positions": Array [
      "Associate Research Scientist",
    ],
  },
  Object {
    "email": "j.shire@northeastern.edu",
    "link": "http://www.ccis.northeastern.edu/people/jennifer-shire/",
    "name": "Jennifer Shire",
    "phone": "6173736320",
    "positions": Array [
      "Assistant Co-op Coordinator",
    ],
  },
  Object {
    "email": "shivers@ccs.neu.edu",
    "link": "http://www.ccis.northeastern.edu/people/olin-shivers/",
    "name": "Olin Shivers",
    "phone": "6173733146",
    "positions": Array [
      "Professor",
    ],
  },
  Object {
    "email": "j.sierra@northeastern.edu",
    "link": "http://www.ccis.northeastern.edu/people/jose-sierra/",
    "name": "Jose Sierra",
    "phone": "6173733571",
    "positions": Array [
      "Associate Teaching Professor",
      "Assistant Director - Information Assurance Graduate Program",
    ],
  },
  Object {
    "email": "ha.singh@neu.edu",
    "link": "http://www.ccis.northeastern.edu/people/hanumant-singh/",
    "name": "Hanumant Singh",
    "phone": "6173734159",
    "positions": Array [
      "Professor of Electrical and Computer Engineering",
      "CCIS Courtesy Appointment",
    ],
  },
  Object {
    "email": "singhal.vi@husky.neu.edu",
    "link": "http://www.ccis.northeastern.edu/people/vikrant-singhal/",
    "name": "Vikrant Singhal",
    "positions": Array [
      "PhD Student",
    ],
  },
  Object {
    "email": "skotthe@ccs.neu.edu",
    "link": "http://www.ccis.northeastern.edu/people/therapon-skoteiniotis/",
    "name": "Therapon Skoteiniotis",
    "phone": "2064675481",
    "positions": Array [
      "Lecturer - Seattle",
    ],
  },
  Object {
    "email": "a.slaughter@northeastern.edu",
    "link": "http://www.ccis.northeastern.edu/people/adrienne-slaughter/",
    "name": "Adrienne Slaughter",
    "phone": "2064675480",
    "positions": Array [
      "Lecturer - Seattle",
    ],
  },
  Object {
    "email": "jrslepak@ccs.neu.edu",
    "link": "http://www.ccis.northeastern.edu/people/justin-slepak/",
    "name": "Justin Slepak",
    "positions": Array [
      "PhD Student",
    ],
  },
  Object {
    "email": "dasmith@ccs.neu.edu",
    "link": "http://www.ccis.northeastern.edu/people/david-smith/",
    "name": "David Smith",
    "phone": "6173738526",
    "positions": Array [
      "Assistant Professor",
    ],
  },
  Object {
    "email": "gillian@ccs.neu.edu",
    "link": "http://www.ccis.northeastern.edu/people/gillian-smith/",
    "name": "Gillian Smith",
    "positions": Array [
      "Assistant Profressor",
      "Interdisciplinary with College of Art, Media & Design",
    ],
  },
  Object {
    "email": "g.smith@northeastern.edu",
    "link": "http://www.ccis.northeastern.edu/people/greg-smith/",
    "name": "Greg Smith",
    "phone": "6173733237",
    "positions": Array [
      "Assistant Director - Operations and Space Planning",
    ],
  },
  Object {
    "email": "spatharioti.s@husky.neu.edu",
    "link": "http://www.ccis.northeastern.edu/people/sofia-eleni-spatharioti/",
    "name": "Sofia Eleni Spatharioti",
    "positions": Array [
      "PhD Student",
    ],
  },
  Object {
    "email": "j.speece@northeastern.edu",
    "link": "http://www.ccis.northeastern.edu/people/jessica-speece/",
    "name": "Jessica Speece",
    "phone": "6173736321",
    "positions": Array [
      "Academic Advisor",
    ],
  },
  Object {
    "email": "j.spitulnik@northeastern.edu",
    "link": "http://www.ccis.northeastern.edu/people/jay-spitulnik/",
    "name": "Jay Spitulnik",
    "phone": "6173736507",
    "positions": Array [
      "Program Manager",
    ],
  },
  Object {
    "email": "spragued@ccs.neu.edu",
    "link": "http://www.ccis.northeastern.edu/people/david-sprague/",
    "name": "David Sprague",
    "phone": "6173732462",
    "positions": Array [
      "Lecturer",
    ],
  },
  Object {
    "email": "stowell.e@husky.neu.edu",
    "link": "http://www.ccis.northeastern.edu/people/elizabeth-stowell/",
    "name": "Elizabeth Stowell",
    "positions": Array [
      "PhD Student",
    ],
  },
  Object {
    "email": "z.sun@northeastern.edu",
    "link": "http://www.ccis.northeastern.edu/people/zhifeng-sun/",
    "name": "Zhifeng Sun",
    "phone": "2064675480",
    "positions": Array [
      "Part-Time Lecturer - Seattle",
    ],
  },
  Object {
    "email": "koods@ccs.neu.edu",
    "link": "http://www.ccis.northeastern.edu/people/ravi-sundaram/",
    "name": "Ravi Sundaram",
    "phone": "6173735876",
    "positions": Array [
      "Professor",
    ],
  },
  Object {
    "email": "asumu@ccs.neu.edu",
    "link": "http://www.ccis.northeastern.edu/people/asumu-takikawa/",
    "name": "Asumu Takikawa",
    "positions": Array [
      "PhD Student",
    ],
  },
  Object {
    "email": "q.tang@northeastern.edu",
    "link": "http://www.ccis.northeastern.edu/people/qu-tang/",
    "name": "Qu Tang",
    "positions": Array [
      "PhD Student",
    ],
  },
  Object {
    "email": "atp@ccs.neu.edu",
    "link": "http://www.ccis.northeastern.edu/people/andreas-ten-pas/",
    "name": "Andreas ten Pas",
    "positions": Array [
      "PhD Student",
    ],
  },
  Object {
    "email": "binod1@ccs.neu.edu",
    "link": "http://www.ccis.northeastern.edu/people/binod-thapa-chhetry/",
    "name": "Binod Thapa Chhetry",
    "positions": Array [
      "PhD Student",
    ],
  },
  Object {
    "email": "f.tip@northeastern.edu",
    "link": "http://www.ccis.northeastern.edu/people/frank-tip/",
    "name": "Frank Tip",
    "positions": Array [
      "Professor",
    ],
  },
  Object {
    "email": "hatrinh@ccs.neu.edu",
    "link": "http://www.ccis.northeastern.edu/people/ha-trinh/",
    "name": "Ha Trinh",
    "phone": "6173735433",
    "positions": Array [
      "Senior Research Scientist",
    ],
  },
  Object {
    "email": "t.trow@northeastern.edu",
    "link": "http://www.ccis.northeastern.edu/people/timothy-d-trow/",
    "name": "Timothy D. Trow",
    "positions": Array [
      "Part-Time Lecturer",
    ],
  },
  Object {
    "email": "ntuck@ccs.neu.edu",
    "link": "http://www.ccis.northeastern.edu/people/nathaniel-tuck/",
    "name": "Nathaniel Tuck",
    "phone": "6173732462",
    "positions": Array [
      "Lecturer",
    ],
  },
  Object {
    "email": "ca.turner@northeastern.edu",
    "link": "http://www.ccis.northeastern.edu/people/catherine-turner/",
    "name": "Catherine Turner",
    "positions": Array [
      "Part-Time Lecturer",
    ],
  },
  Object {
    "email": "jullman@ccs.neu.edu",
    "link": "http://www.ccis.northeastern.edu/people/jonathan-ullman/",
    "name": "Jonathan Ullman",
    "phone": "6173735509",
    "positions": Array [
      "Assistant Professor",
    ],
  },
  Object {
    "email": "dinau@ccs.neu.edu",
    "link": "http://www.ccis.northeastern.edu/people/dina-utami/",
    "name": "Dina Utami",
    "positions": Array [
      "PhD Student",
    ],
  },
  Object {
    "email": "j.vandemeent@northeastern.edu",
    "link": "http://www.ccis.northeastern.edu/people/jan-willem-van-de-meent/",
    "name": "Jan-Willem van de Meent",
    "phone": "6173737696",
    "positions": Array [
      "Assistant Professor",
    ],
  },
  Object {
    "email": "k.vanderlaan@northeastern.edu",
    "link": "http://www.ccis.northeastern.edu/people/kathleen-vander-laan/",
    "name": "Kathleen Vander Laan",
    "phone": "6173734693",
    "positions": Array [
      "Director - Graduate Co-op",
    ],
  },
  Object {
    "email": "a.vespignani@northeastern.edu",
    "link": "http://www.ccis.northeastern.edu/people/alessandrovespignani/",
    "name": "Alessandro Vespignani",
    "phone": "6173737367",
    "positions": Array [
      "Sternberg Family Distinguished Professor",
      "Director - Network Science Institute",
      "Interdisciplinary with College of Science and Bouvé College of Health Sciences",
    ],
  },
  Object {
    "email": "uliv@ccs.neu.edu",
    "link": "http://www.ccis.northeastern.edu/people/ulrich-viereck/",
    "name": "Ulrich Viereck",
    "positions": Array [
      "PhD Student",
    ],
  },
  Object {
    "email": "viola@ccs.neu.edu",
    "link": "http://www.ccis.northeastern.edu/people/emanuele-viola/",
    "name": "Emanuele Viola",
    "phone": "6173738298",
    "positions": Array [
      "Associate Professor",
    ],
  },
  Object {
    "email": "j.vitek@northeastern.edu",
    "link": "http://www.ccis.northeastern.edu/people/jan-vitek/",
    "name": "Jan Vitek",
    "positions": Array [
      "Professor",
    ],
  },
  Object {
    "email": "o.vitek@northeastern.edu",
    "link": "http://www.ccis.northeastern.edu/people/olga-vitek/",
    "name": "Olga Vitek",
    "phone": "6173736305",
    "positions": Array [
      "Sy and Laurie Sternberg Interdisciplinary Associate Professor",
      "Interdisciplinary with College of Science",
    ],
  },
  Object {
    "email": "tienvh@ccs.neu.edu",
    "link": "http://www.ccis.northeastern.edu/people/tien-vo-huu/",
    "name": "Tien Vo-Huu",
    "positions": Array [
      "PhD Student",
    ],
  },
  Object {
    "email": "vohuudtr@ccs.neu.edu",
    "link": "http://www.ccis.northeastern.edu/people/triet-vo-huu/",
    "name": "Triet Vo-Huu",
    "positions": Array [
      "Assistant Research Professor",
    ],
  },
  Object {
    "email": "wahl@ccs.neu.edu",
    "link": "http://www.ccis.northeastern.edu/people/thomas-wahl/",
    "name": "Thomas Wahl",
    "phone": "6173733100",
    "positions": Array [
      "Assistant Professor",
    ],
  },
  Object {
    "email": "la.walker@northeastern.edu",
    "link": "http://www.ccis.northeastern.edu/people/lashauna-walker/",
    "name": "LaShauna Walker",
    "phone": "6173732763",
    "positions": Array [
      "Development Associate",
    ],
  },
  Object {
    "email": "byron@ccs.neu.edu",
    "link": "http://www.ccis.northeastern.edu/people/byron-wallace/",
    "name": "Byron Wallace",
    "positions": Array [
      "Assistant Professor",
    ],
  },
  Object {
    "email": "wand@ccs.neu.edu",
    "link": "http://www.ccis.northeastern.edu/people/mitchell-wand/",
    "name": "Mitchell Wand",
    "phone": "6173732072",
    "positions": Array [
      "Professor",
    ],
  },
  Object {
    "email": "luwang@ccs.neu.edu",
    "link": "http://www.ccis.northeastern.edu/people/lu-wang/",
    "name": "Lu Wang",
    "phone": "6173734011",
    "positions": Array [
      "Assistant Professor",
    ],
  },
  Object {
    "email": "rainicy@ccs.neu.edu",
    "link": "http://www.ccis.northeastern.edu/people/bingyu-wang/",
    "name": "Bingyu Wang",
    "positions": Array [
      "PhD Student",
    ],
  },
  Object {
    "email": "m.weintraub@northeastern.edu",
    "link": "http://www.ccis.northeastern.edu/people/michael-weintraub/",
    "name": "Michael Weintraub",
    "phone": "6173732301",
    "positions": Array [
      "Associate Clinical Professor",
    ],
  },
  Object {
    "email": "m.weiss@northeastern.edu",
    "link": "http://www.ccis.northeastern.edu/people/mor-weiss/",
    "name": "Mor Weiss",
    "positions": Array [
      "Postdoctoral Research Associate",
    ],
  },
  Object {
    "email": "mw@ccs.neu.edu",
    "link": "http://www.ccis.northeastern.edu/people/michael-weissbacher/",
    "name": "Michael Weissbacher",
    "positions": Array [
      "PhD Student",
    ],
  },
  Object {
    "email": "d.whelpley@northeastern.edu",
    "link": "http://www.ccis.northeastern.edu/people/david-whelpley/",
    "name": "David Whelpley",
    "positions": Array [
      "Director of Operations",
    ],
  },
  Object {
    "email": "wichs@ccs.neu.edu",
    "link": "http://www.ccis.northeastern.edu/people/daniel-wichs/",
    "name": "Daniel Wichs",
    "phone": "6173736196",
    "positions": Array [
      "Assistant Professor",
    ],
  },
  Object {
    "email": "wilder-smith.o@husky.neu.edu",
    "link": "http://www.ccis.northeastern.edu/people/oliver-wilder-smith/",
    "name": "Oliver Wilder-Smith",
    "positions": Array [
      "PhD Student",
    ],
  },
  Object {
    "email": "cbw@ccs.neu.edu",
    "link": "http://www.ccis.northeastern.edu/people/christo-wilson/",
    "name": "Christo Wilson",
    "phone": "6173732177",
    "positions": Array [
      "Assistant Professor",
    ],
  },
  Object {
    "email": "xu.r@husky.neu.edu",
    "link": "http://www.ccis.northeastern.edu/people/ruiyang-xu/",
    "name": "Ruiyang Xu",
    "positions": Array [
      "PhD Student",
    ],
  },
  Object {
    "email": "shaobinx@ccs.neu.edu",
    "link": "http://www.ccis.northeastern.edu/people/shaobin-xu/",
    "name": "Shaobin Xu",
    "positions": Array [
      "PhD Student",
    ],
  },
  Object {
    "link": "http://www.ccis.northeastern.edu/people/xiaofeng-yang/",
    "name": "Xiaofeng Yang",
    "positions": Array [
      "PhD Student",
    ],
  },
  Object {
    "email": "mhyee@ccs.neu.edu",
    "link": "http://www.ccis.northeastern.edu/people/ming-ho-yee/",
    "name": "Ming-Ho Yee",
    "positions": Array [
      "PhD Student",
    ],
  },
  Object {
    "email": "zanin.c@husky.neu.edu",
    "link": "http://www.ccis.northeastern.edu/people/connor-zanin/",
    "name": "Connor Zanin",
    "positions": Array [
      "PhD Student",
    ],
  },
  Object {
    "email": "liang@ccs.neu.edu",
    "link": "http://www.ccis.northeastern.edu/people/liang-zhang/",
    "name": "Liang Zhang",
    "positions": Array [
      "PhD Student",
    ],
  },
  Object {
    "email": "zessiez@ccs.neu.edu",
    "link": "http://www.ccis.northeastern.edu/people/zhe-zhang/",
    "name": "Zhe Zhang",
    "positions": Array [
      "PhD Student",
    ],
  },
  Object {
    "email": "y.zhao@northeastern.edu",
    "link": "http://www.ccis.northeastern.edu/people/yijun-zhao/",
    "name": "Yijun Zhao",
    "positions": Array [
      "Part-Time Lecturer",
    ],
  },
  Object {
    "email": "yzhong@ccs.neu.edu",
    "link": "http://www.ccis.northeastern.edu/people/yuan-zhong/",
    "name": "Yuan Zhong",
    "positions": Array [
      "PhD Student",
    ],
  },
  Object {
    "email": "zhou.sh@husky.neu.edu",
    "link": "http://www.ccis.northeastern.edu/people/shuo-zhou/",
    "name": "Shuo Zhou",
    "positions": Array [
      "PhD Student",
    ],
  },
  Object {
    "email": "zirdelis.g@husky.neu.edu",
    "link": "http://www.ccis.northeastern.edu/people/georgios-zirdelis/",
    "name": "Georgios Zirdelis",
    "positions": Array [
      "PhD Student",
    ],
  },
  Object {
    "email": "m.zontak@northeastern.edu",
    "link": "http://www.ccis.northeastern.edu/people/maria-zontak/",
    "name": "Maria Zontak",
    "phone": "2064675480",
    "positions": Array [
      "Lecturer - Seattle",
    ],
  },
]
`;
